C51 COMPILER V9.60.0.0   GPIO                                                              06/20/2021 16:13:21 PAGE 1   


C51 COMPILER V9.60.0.0, COMPILATION OF MODULE GPIO
OBJECT MODULE PLACED IN .\Objects\gpio.obj
COMPILER INVOKED BY: C:\Keil_v5\C51\BIN\C51.EXE ..\Driver\gpio.c LARGE OPTIMIZE(0,SPEED) BROWSE INCDIR(..\App;..\Common;
                    -..\Driver;..\Mid;..\Utilities) DEBUG OBJECTEXTEND PRINT(.\Listings\gpio.lst) OBJECT(.\Objects\gpio.obj)

line level    source

   1          #include "Function_Define.h"
   2          #include "N76E003.h"
   3          #include "SFR_Macro.h"
   4          #include "relay.h"
   5          #include "adc.h"
   6          #include "delay.h"
   7          #include "tick.h"
   8          #include "timer.h"
   9          #include "gpio.h"
  10          
  11          extern uint16_t topLimitFloor;
  12          extern uint16_t botLimitFloor;
  13          
  14          void GPIO_getValueMode()
  15          {
  16   1          P17_Input_Mode;
  17   1          // Enable_INT_Port1;
  18   1          // Enable_BIT7_FallEdge_Trig;
  19   1          // //PICON |= (1 << 7);
  20   1          // set_EPI;
  21   1          // set_EA;
  22   1      }
  23          
  24          void GPIO_P01_Config()
  25          {
  26   1          P15_PushPull_Mode;
  27   1          P15 = 0;
  28   1      }


MODULE INFORMATION:   STATIC OVERLAYABLE
   CODE SIZE        =     16    ----
   CONSTANT SIZE    =   ----    ----
   XDATA SIZE       =   ----    ----
   PDATA SIZE       =   ----    ----
   DATA SIZE        =   ----    ----
   IDATA SIZE       =   ----    ----
   BIT SIZE         =   ----    ----
END OF MODULE INFORMATION.


C51 COMPILATION COMPLETE.  0 WARNING(S),  0 ERROR(S)
