C51 COMPILER V9.60.0.0   MAIN_FUNC                                                         06/20/2021 15:27:14 PAGE 1   


C51 COMPILER V9.60.0.0, COMPILATION OF MODULE MAIN_FUNC
OBJECT MODULE PLACED IN .\Objects\main_func.obj
COMPILER INVOKED BY: C:\Keil_v5\C51\BIN\C51.EXE ..\App\main_func.c LARGE OPTIMIZE(0,SPEED) BROWSE INCDIR(..\App;..\Commo
                    -n;..\Driver;..\Mid;..\Utilities) DEBUG OBJECTEXTEND PRINT(.\Listings\main_func.lst) OBJECT(.\Objects\main_func.obj)

line level    source

   1          /*
   2           *      mainfunclist.c
   3           *
   4           *      Created on: Dec 25, 2020
   5           *      Author: Truong VV
   6           */
   7          
   8          #include "N76E003.h"
   9          #include "SFR_Macro.h"
  10          #include "Function_Define.h"
  11          #include "irfapp_main.h"
  12          #include "irf.h"
  13          #include "motor.h"
  14          #include "relay.h"
  15          #include "xor.h"
  16          #include "floor.h"
  17          #include "main_func.h"
  18          
  19          
  20          /******************************************************************************/
  21          /*                              DECLARE                                      */
  22          /******************************************************************************/
  23          
  24          uint8_t checkConnect[]  = {0x20, 0xA1, 0x00, 0x01, 0x0A, 0x8A};
  25          uint8_t startRun[]      = {0x30, 0xA1, 0x00, 0x01, 0x0A, 0x9A};
  26          uint8_t stopRun[]       = {0x40, 0xA1, 0x00, 0x01, 0x0A, 0xEA};
  27          uint8_t updownFloor[]   = {0x50, 0xA1, 0x00, 0x01, 0x0A, 0xFA};
  28          uint8_t getStateMotor[] = {0x70, 0xA1, 0x00, 0x01, 0x72, 0xA2};
  29          uint8_t getStateFloor[] = {0x73, 0xA1, 0x00, 0x01, 0x75, 0xA6};
  30          uint8_t setSpeedMotor[] = {0x80, 0xA1, 0x00, 0x01, 0x0A, 0x2A};
  31          uint8_t getAllState[]   = {0x90, 0xA1, 0x00, 0x02, 0x21, 0x71, 0x63};
  32          uint8_t resetDevice[]   = {0x0F, 0xA1, 0x00, 0x01, 0x0A, 0xA5};
  33          
  34          extern volatile uint8_t deviceAnnounceFlag;
  35          extern volatile uint8_t checkConnectFlag;
  36          extern volatile uint8_t startRunFlag;
  37          extern volatile uint8_t stopRunFlag;
  38          extern volatile uint8_t updownFloorFlag;
  39          extern volatile uint8_t getStateMotorFlag;
  40          extern volatile uint8_t getStateFloorFlag;
  41          extern volatile uint8_t setSpeedMotorFlag;
  42          extern volatile uint8_t getAllStateFlag;
  43          extern volatile uint8_t resetDeviceFlag;
  44          extern volatile uint8_t speedValue;
  45          extern volatile uint8_t floorValue;
  46          
  47          uint16_t currentDuty;
  48          uint8_t stateConnectFlag;
  49          uint8_t stateMotorFlag;
  50          uint8_t stateFloorFlag;
  51          uint8_t programRun;
  52          
  53          /******************************************************************************/
  54          /*                              FUNCTION                                      */
C51 COMPILER V9.60.0.0   MAIN_FUNC                                                         06/20/2021 15:27:14 PAGE 2   

  55          /******************************************************************************/
  56          
  57          /**
  58           * @func   funcHandle_AllFlag
  59           * @brief  None
  60           * @param  
  61           * @retval None
  62           */
  63          // void funcHandle_CurrentDuty()
  64          // {
  65          //     
  66          // }
  67           
  68          void funcHandle_AllFlag(void)
  69          {
  70   1          if(deviceAnnounceFlag==1||checkConnectFlag==1||startRunFlag==1||\
  71   1              stopRunFlag==1||updownFloorFlag==1||getStateMotorFlag==1||\
  72   1              getStateFloorFlag==1||setSpeedMotorFlag==1||getAllStateFlag==1)
  73   1          {
  74   2              if(deviceAnnounceFlag == 1)
  75   2              {
  76   3                  funcHandle_DeviceAnnounceFlag();
  77   3                  
  78   3              }else if(checkConnectFlag == 1)
  79   2              {
  80   3                  funcHandle_CheckConnectFlag();  
  81   3      
  82   3              }else if(startRunFlag == 1)
  83   2              {   
  84   3                  funcHandle_StartRunFlag();
  85   3      
  86   3              }else if(stopRunFlag == 1)
  87   2              {
  88   3                  funcHandle_StopRunFlag();
  89   3      
  90   3              }else if(updownFloorFlag == 1)
  91   2              {
  92   3                  funcHandle_UpdownFloorFlag();
  93   3      
  94   3              }else if(getStateMotorFlag == 1)
  95   2              {
  96   3                  funcHandle_GetStateMotorFlag();
  97   3      
  98   3              }else if(getStateFloorFlag == 1)
  99   2              {
 100   3                  funcHandle_GetStateFloorFlag();
 101   3      
 102   3              }else if(setSpeedMotorFlag == 1)
 103   2              {
 104   3                  funcHandle_SetSpeedMotorFlag();
 105   3      
 106   3              }else if(getAllStateFlag == 1)
 107   2              {
 108   3                  funcHandle_GetAllStateFlag();
 109   3      
 110   3              }
 111   2          }
 112   1      }
 113          /**
 114           * @func   funcHandle_DeviceAnnounceFlag
 115           * @brief  None
 116           * @param  
C51 COMPILER V9.60.0.0   MAIN_FUNC                                                         06/20/2021 15:27:14 PAGE 3   

 117           * @retval None
 118           */
 119          void funcHandle_DeviceAnnounceFlag(void)
 120          {
 121   1          deviceAnnounceFlag = 0;
 122   1          programRun = 1;
 123   1      }
 124          /**
 125           * @func   funcHandle_CheckConnectFlag
 126           * @brief  None
 127           * @param  
 128           * @retval None
 129           */
 130          void funcHandle_CheckConnectFlag(void)
 131          {
 132   1          checkConnectFlag = 0;
 133   1          IRF_Send(checkConnect, sizeof(checkConnect));
 134   1          stateConnectFlag = 1;
 135   1          
 136   1      }
 137          /**
 138           * @func   funcHandle_StartRunFlag
 139           * @brief  None
 140           * @param  
 141           * @retval None
 142           */
 143          void funcHandle_StartRunFlag(void)
 144          {
 145   1          startRunFlag = 0;
 146   1          IRF_Send(startRun, sizeof(startRun));
 147   1          RELAY_AC(ON);
 148   1          MOTOR_SetSpeed(DEFAULTDUTY, DEFAULTSPEED);
 149   1          currentDuty = DEFAULTSPEED;
 150   1      }
 151          /**
 152           * @func   funcHandle_StopRunFlag
 153           * @brief  None
 154           * @param  
 155           * @retval None
 156           */
 157          void funcHandle_StopRunFlag(void)
 158          {
 159   1          stopRunFlag = 0;
 160   1          //IRF_Send(stopRun, sizeof(stopRun));
 161   1          MOTOR_SetStop(currentDuty);
 162   1          RELAY_AC(OFF);
 163   1          programRun = 0;
 164   1      }
 165          /**
 166           * @func   funcHandle_UpdownFloorFlag
 167           * @brief  None
 168           * @param  
 169           * @retval None
 170           */
 171          void funcHandle_UpdownFloorFlag(void)
 172          {
 173   1          updownFloorFlag = 0;
 174   1          FLOOR_UpOrDown(floorValue);
 175   1          //IRF_Send(updownFloor, sizeof(updownFloor));
 176   1      }
 177          
 178          /**
C51 COMPILER V9.60.0.0   MAIN_FUNC                                                         06/20/2021 15:27:14 PAGE 4   

 179           * @func   funcHandle_GetStateMotorFlag
 180           * @brief  None
 181           * @param  
 182           * @retval None
 183           */
 184          void funcHandle_GetStateMotorFlag(void)
 185          {
 186   1          getStateMotorFlag = 0;
 187   1          IRF_Send(getStateMotor, sizeof(getStateMotor));
 188   1      }
 189          /**
 190           * @func   funcHandle_GetStateFloorFlag
 191           * @brief  None
 192           * @param  
 193           * @retval None
 194           */
 195          void funcHandle_GetStateFloorFlag(void)
 196          {
 197   1          getStateFloorFlag = 0;
 198   1          IRF_Send(getStateFloor, sizeof(getStateFloor));
 199   1      }
 200          
 201          /**
 202           * @func   funcHandle_SetSpeedMotorFlag
 203           * @brief  None
 204           * @param  
 205           * @retval None
 206           */
 207          void funcHandle_SetSpeedMotorFlag(void)
 208          {
 209   1          uint16_t desireDuty;
 210   1          setSpeedMotorFlag = 0;
 211   1          IRF_Send(setSpeedMotor, sizeof(setSpeedMotor));
 212   1          desireDuty = speedValue;
 213   1          MOTOR_SetSpeed(currentDuty, desireDuty);
 214   1          currentDuty = MOTOR_GetCurrentSpeed();
 215   1      }
 216          
 217          /**
 218           * @func   funcHandle_GetAllStateFlag
 219           * @brief  None
 220           * @param  
 221           * @retval None
 222           */
 223          void funcHandle_GetAllStateFlag(void)
 224          {
 225   1          getAllStateFlag = 0;
 226   1          /* kiem tra xem co motor hay khong */
 227   1          if(stateConnectFlag == 1)
 228   1          {
 229   2              getAllState[4] = CHECK_CONNECT_SUCCESS;
 230   2          }else {
 231   2              getAllState[4] = CHECK_CONNECT_NOTSUCCESS;
 232   2          }
 233   1          if(stateMotorFlag == 1)
 234   1          {
 235   2              getAllState[5] = IS_HAVEMOTOR;
 236   2          }else {
 237   2              getAllState[5] = IS_NOTMOTOR;
 238   2          }
 239   1          getAllState[6] = XOR_Caculator(getAllState, 0, sizeof(getAllState)-1);
 240   1          IRF_Send(getAllState, sizeof(getAllState));
C51 COMPILER V9.60.0.0   MAIN_FUNC                                                         06/20/2021 15:27:14 PAGE 5   

 241   1      }
 242          
 243          /**
 244           * @func   funcHandle_ResetDeviceFlag
 245           * @brief  None
 246           * @param  
 247           * @retval None
 248           */
 249          //void funcHandle_ResetDeviceFlag(void)
 250          //{
 251          //    resetDeviceFlag = 0;
 252          //    //IRF_Send(resetDevice, sizeof(resetDevice));
 253          
 254          //}


MODULE INFORMATION:   STATIC OVERLAYABLE
   CODE SIZE        =    584    ----
   CONSTANT SIZE    =   ----    ----
   XDATA SIZE       =     63    ----
   PDATA SIZE       =   ----    ----
   DATA SIZE        =   ----    ----
   IDATA SIZE       =   ----    ----
   BIT SIZE         =   ----    ----
END OF MODULE INFORMATION.


C51 COMPILATION COMPLETE.  0 WARNING(S),  0 ERROR(S)
