BL51 BANKED LINKER/LOCATER V6.22.2.0                                                    05/23/2021  14:56:19  PAGE 1


BL51 BANKED LINKER/LOCATER V6.22.2.0, INVOKED BY:
C:\KEIL_V5\C51\BIN\BL51.EXE .\Objects\STARTUP.obj, .\Objects\main.obj, .\Objects\irfapp_main.obj, .\Objects\main_func.ob
>> j, .\Objects\main_init.obj, .\Objects\floor.obj, .\Objects\irf.obj, .\Objects\motor.obj, .\Objects\relay.obj, .\Objec
>> ts\adc.obj, .\Objects\delay.obj, .\Objects\pwm.obj, .\Objects\uart.obj, .\Objects\gpio.obj, .\Objects\queue.obj, .\Ob
>> jects\xor.obj TO .\Objects\motor_test PRINT (.\Listings\motor_test.m51) RAMSIZE (256) CODE (0X0000-0X47FF)


MEMORY MODEL: LARGE WITH FLOATING POINT ARITHMETIC


INPUT MODULES INCLUDED:
  .\Objects\STARTUP.obj (?C_STARTUP)
  .\Objects\main.obj (MAIN)
  .\Objects\irfapp_main.obj (IRFAPP_MAIN)
  .\Objects\main_func.obj (MAIN_FUNC)
  .\Objects\main_init.obj (MAIN_INIT)
  .\Objects\floor.obj (FLOOR)
  .\Objects\irf.obj (IRF)
  .\Objects\motor.obj (MOTOR)
  .\Objects\relay.obj (RELAY)
  .\Objects\adc.obj (ADC)
  .\Objects\delay.obj (DELAY)
  .\Objects\pwm.obj (PWM)
  .\Objects\uart.obj (UART)
  .\Objects\gpio.obj (GPIO)
  .\Objects\queue.obj (QUEUE)
  .\Objects\xor.obj (XOR)
  C:\KEIL_V5\C51\LIB\C51FPL.LIB (?C?FCAST)
  C:\KEIL_V5\C51\LIB\C51FPL.LIB (?C?CASTF)
  C:\KEIL_V5\C51\LIB\C51L.LIB (?C_INIT)
  C:\KEIL_V5\C51\LIB\C51L.LIB (?C?COPY)
  C:\KEIL_V5\C51\LIB\C51L.LIB (?C?CLDPTR)
  C:\KEIL_V5\C51\LIB\C51L.LIB (?C?CLDOPTR)
  C:\KEIL_V5\C51\LIB\C51L.LIB (?C?CILDOPTR)
  C:\KEIL_V5\C51\LIB\C51L.LIB (?C?CSTOPTR)
  C:\KEIL_V5\C51\LIB\C51L.LIB (?C?IMUL)
  C:\KEIL_V5\C51\LIB\C51L.LIB (?C?UIDIV)
  C:\KEIL_V5\C51\LIB\C51L.LIB (?C?ILDIX)
  C:\KEIL_V5\C51\LIB\C51L.LIB (?C?ILDOPTR)
  C:\KEIL_V5\C51\LIB\C51L.LIB (?C?IILDOPTR)
  C:\KEIL_V5\C51\LIB\C51L.LIB (?C?ISTOPTR)
  C:\KEIL_V5\C51\LIB\C51L.LIB (?C?ULDIV)
  C:\KEIL_V5\C51\LIB\C51L.LIB (?C?LNEG)
  C:\KEIL_V5\C51\LIB\C51L.LIB (?C?ULSHR)
  C:\KEIL_V5\C51\LIB\C51L.LIB (?C?LSTXDATA)
  C:\KEIL_V5\C51\LIB\C51L.LIB (?C?PLDPTR)
  C:\KEIL_V5\C51\LIB\C51L.LIB (?C?PSTPTR)
  C:\KEIL_V5\C51\LIB\C51L.LIB (?C?CCASE)
  C:\KEIL_V5\C51\LIB\C51L.LIB (?C?ICALL)
  C:\KEIL_V5\C51\LIB\C51L.LIB (?C?IILDX)
  C:\KEIL_V5\C51\LIB\C51L.LIB (?C?PLDIDATA)
  C:\KEIL_V5\C51\LIB\C51L.LIB (?C?PSTIDATA)
  C:\KEIL_V5\C51\LIB\C51L.LIB (?C?PLDXDATA)
  C:\KEIL_V5\C51\LIB\C51L.LIB (?C?PSTXDATA)
  C:\KEIL_V5\C51\LIB\C51L.LIB (?C?PLDPDATA)
  C:\KEIL_V5\C51\LIB\C51L.LIB (?C?PSTPDATA)
  C:\KEIL_V5\C51\LIB\C51L.LIB (?C?PLDCODE)

BL51 BANKED LINKER/LOCATER V6.22.2.0                                                  05/23/2021  14:56:19  PAGE 2



LINK MAP OF MODULE:  .\Objects\motor_test (?C_STARTUP)


            TYPE    BASE      LENGTH    RELOCATION   SEGMENT NAME
            -----------------------------------------------------

            * * * * * * *   D A T A   M E M O R Y   * * * * * * *
            REG     0000H     0008H     ABSOLUTE     "REG BANK 0"
            IDATA   0008H     0001H     UNIT         ?STACK

            * * * * * * *  X D A T A   M E M O R Y  * * * * * * *
            XDATA   0000H     003CH     UNIT         ?XD?MAIN_FUNC
            XDATA   003CH     0021H     UNIT         ?XD?IRF
            XDATA   005DH     001DH     UNIT         ?XD?_FLOOR_UPORDOWN?FLOOR
            XDATA   007AH     001AH     UNIT         ?XD?FLOOR
            XDATA   0094H     000CH     UNIT         ?XD?IRFAPP_MAIN
            XDATA   00A0H     000AH     UNIT         ?XD?IRF_CALLBACKHANDLE?IRF
            XDATA   00AAH     0009H     UNIT         ?XD?IRF_PROC?IRF
            XDATA   00B3H     0008H     UNIT         ?XD?_APP_CHECKCOMMANDEXISTANDEXECUTES?IRFAPP_MAIN
            XDATA   00BBH     0008H     UNIT         ?XD?_QUEUE_INIT?QUEUE
            XDATA   00C3H     0008H     UNIT         ?XD?_XOR_CACULATOR?XOR
            XDATA   00CBH     0006H     UNIT         ?XD?_MOTOR_SETSPEED?MOTOR
            XDATA   00D1H     0006H     UNIT         ?XD?ADC_READRESULTCONVERT?ADC
            XDATA   00D7H     0006H     UNIT         ?XD?_QUEUE_PUSH?QUEUE
            XDATA   00DDH     0006H     UNIT         ?XD?_QUEUE_GET?QUEUE
            XDATA   00E3H     0005H     UNIT         ?XD?_UART_SENDDATA?UART
            XDATA   00E8H     0004H     UNIT         ?XD?MAIN
            XDATA   00ECH     0004H     UNIT         ?XD?_IRF_SEND?IRF
            XDATA   00F0H     0004H     UNIT         ?XD?_MOTOR_SETSTOP?MOTOR
            XDATA   00F4H     0004H     UNIT         ?XD?_DELAY_US?DELAY
            XDATA   00F8H     0004H     UNIT         ?XD?_UART_INIT?UART
            XDATA   00FCH     0003H     UNIT         ?XD?_APP_UPDOWNFLOOR?IRFAPP_MAIN
            XDATA   00FFH     0003H     UNIT         ?XD?_APP_SETSPEEDMOTOR?IRFAPP_MAIN
            XDATA   0102H     0003H     UNIT         ?XD?_UART_CALLBACKINIT?UART
            XDATA   0105H     0003H     UNIT         ?XD?UART
            XDATA   0108H     0003H     UNIT         ?XD?_QUEUE_EMPTY?QUEUE
            XDATA   010BH     0003H     UNIT         ?XD?_QUEUE_COUNT?QUEUE
            XDATA   010EH     0002H     UNIT         ?XD?FUNCHANDLE_SETSPEEDMOTORFLAG?MAIN_FUNC
            XDATA   0110H     0002H     UNIT         ?XD?GET_ADC_LEVELS?FLOOR
            XDATA   0112H     0002H     UNIT         ?XD?_MOTOR_INIT?MOTOR
            XDATA   0114H     0002H     UNIT         ?XD?MOTOR
            XDATA   0116H     0002H     UNIT         ?XD?_DELAY_MS?DELAY
            XDATA   0118H     0002H     UNIT         ?XD?_PWM_SETDUTY?PWM
            XDATA   011AH     0002H     UNIT         ?XD?_UART_SENDBYTE?UART
            XDATA   011CH     0001H     UNIT         ?XD?_RELAY_AC?RELAY
            XDATA   011DH     0001H     UNIT         ?XD?UART_REVDATA?UART

            * * * * * * *   C O D E   M E M O R Y   * * * * * * *
            CODE    0000H     0003H     ABSOLUTE     
            CODE    0003H     0020H     UNIT         ?PR?_UART_SENDBYTE?UART
            CODE    0023H     0003H     ABSOLUTE     
            CODE    0026H     0013H     UNIT         ?PR?MOTOR_GETCURRENTSPEED?MOTOR
            CODE    0039H     0001H     UNIT         ?PR?FUNCHANDLE_DEVICEANNOUNCEFLAG?MAIN_FUNC
                    003AH     0001H                  *** GAP ***
            CODE    003BH     0003H     ABSOLUTE     
            CODE    003EH     0523H     UNIT         ?C?LIB_CODE
BL51 BANKED LINKER/LOCATER V6.22.2.0                                                  05/23/2021  14:56:19  PAGE 3


            CODE    0561H     01FAH     UNIT         ?PR?_FLOOR_UPORDOWN?FLOOR
            CODE    075BH     01F1H     UNIT         ?PR?_QUEUE_PUSH?QUEUE
            CODE    094CH     0132H     UNIT         ?PR?_QUEUE_GET?QUEUE
            CODE    0A7EH     0111H     UNIT         ?PR?FUNCHANDLE_ALLFLAG?MAIN_FUNC
            CODE    0B8FH     00F3H     UNIT         ?PR?IRF_CALLBACKHANDLE?IRF
            CODE    0C82H     00EBH     UNIT         ?PR?_MOTOR_SETSPEED?MOTOR
            CODE    0D6DH     00A6H     UNIT         ?C_INITSEG
            CODE    0E13H     00A4H     UNIT         ?PR?_QUEUE_INIT?QUEUE
            CODE    0EB7H     009EH     UNIT         ?PR?_UART_INIT?UART
            CODE    0F55H     0092H     UNIT         ?PR?_APP_CHECKCOMMANDEXISTANDEXECUTES?IRFAPP_MAIN
            CODE    0FE7H     008CH     UNIT         ?C_C51STARTUP
            CODE    1073H     0081H     UNIT         ?PR?GET_ADC_LEVELS?FLOOR
            CODE    10F4H     007AH     UNIT         ?PR?SERIALPORT0_ISR?UART
            CODE    116EH     006EH     UNIT         ?PR?_XOR_CACULATOR?XOR
            CODE    11DCH     006BH     UNIT         ?PR?ADC_READRESULTCONVERT?ADC
            CODE    1247H     0060H     UNIT         ?PR?FUNCHANDLE_GETALLSTATEFLAG?MAIN_FUNC
            CODE    12A7H     0054H     UNIT         ?PR?_MOTOR_SETSTOP?MOTOR
            CODE    12FBH     0050H     UNIT         ?PR?IRF_PROC?IRF
            CODE    134BH     004AH     UNIT         ?PR?IRF_INIT?IRF
            CODE    1395H     0049H     UNIT         ?PR?_UART_SENDDATA?UART
            CODE    13DEH     003DH     UNIT         ?PR?_DELAY_US?DELAY
            CODE    141BH     0033H     UNIT         ?PR?FUNCHANDLE_SETSPEEDMOTORFLAG?MAIN_FUNC
            CODE    144EH     002CH     UNIT         ?PR?_DELAY_MS?DELAY
            CODE    147AH     002CH     UNIT         ?PR?_PWM_SETDUTY?PWM
            CODE    14A6H     0029H     UNIT         ?PR?_QUEUE_EMPTY?QUEUE
            CODE    14CFH     0026H     UNIT         ?PR?_APP_UPDOWNFLOOR?IRFAPP_MAIN
            CODE    14F5H     0026H     UNIT         ?PR?_APP_SETSPEEDMOTOR?IRFAPP_MAIN
            CODE    151BH     0024H     UNIT         ?PR?_IRF_SEND?IRF
            CODE    153FH     0024H     UNIT         ?PR?PWM_INIT?PWM
            CODE    1563H     0022H     UNIT         ?PR?_UART_CALLBACKINIT?UART
            CODE    1585H     0021H     UNIT         ?PR?_QUEUE_COUNT?QUEUE
            CODE    15A6H     001FH     UNIT         ?PR?FUNCHANDLE_STARTRUNFLAG?MAIN_FUNC
            CODE    15C5H     001CH     UNIT         ?PR?RELAY_CONFIG?RELAY
            CODE    15E1H     001BH     UNIT         ?PR?GPIO_P10_CONFIG?GPIO
            CODE    15FCH     001AH     UNIT         ?PR?_RELAY_AC?RELAY
            CODE    1616H     0019H     UNIT         ?PR?MAIN_INIT?MAIN_INIT
            CODE    162FH     0018H     UNIT         ?CO?FLOOR
            CODE    1647H     0017H     UNIT         ?PR?FUNCHANDLE_CHECKCONNECTFLAG?MAIN_FUNC
            CODE    165EH     0017H     UNIT         ?PR?_MOTOR_INIT?MOTOR
            CODE    1675H     0016H     UNIT         ?PR?FUNCHANDLE_STOPRUNFLAG?MAIN_FUNC
            CODE    168BH     0012H     UNIT         ?PR?ADC_INIT?ADC
            CODE    169DH     0011H     UNIT         ?PR?FUNCHANDLE_GETSTATEMOTORFLAG?MAIN_FUNC
            CODE    16AEH     0010H     UNIT         ?PR?FUNCHANDLE_UPDOWNFLOORFLAG?MAIN_FUNC
            CODE    16BEH     000EH     UNIT         ?PR?MOTOR_CONFIG?MOTOR
            CODE    16CCH     000DH     UNIT         ?PR?PININTERRUPT_ISR?GPIO
            CODE    16D9H     000CH     UNIT         ?PR?UART_REVDATA?UART
            CODE    16E5H     0009H     UNIT         ?PR?MAIN?MAIN
            CODE    16EEH     0009H     UNIT         ?PR?ADC_ENABLE?ADC
            CODE    16F7H     0007H     UNIT         ?PR?APP_DEVICEANNOUNCE?IRFAPP_MAIN
            CODE    16FEH     0007H     UNIT         ?PR?APP_CHECKCONNECT?IRFAPP_MAIN
            CODE    1705H     0007H     UNIT         ?PR?APP_STARTRUN?IRFAPP_MAIN
            CODE    170CH     0007H     UNIT         ?PR?APP_STOPRUN?IRFAPP_MAIN
            CODE    1713H     0007H     UNIT         ?PR?APP_GETSTATEMOTOR?IRFAPP_MAIN
            CODE    171AH     0007H     UNIT         ?PR?APP_GETSTATEFLOOR?IRFAPP_MAIN
            CODE    1721H     0007H     UNIT         ?PR?APP_GETALLSTATE?IRFAPP_MAIN
            CODE    1728H     0007H     UNIT         ?PR?APP_RESETDEVICE?IRFAPP_MAIN
            CODE    172FH     0007H     UNIT         ?PR?GPIO_P01_CONFIG?GPIO
BL51 BANKED LINKER/LOCATER V6.22.2.0                                                  05/23/2021  14:56:19  PAGE 4


            CODE    1736H     0006H     UNIT         ?PR?FUNCHANDLE_GETSTATEFLOORFLAG?MAIN_FUNC
            CODE    173CH     0004H     UNIT         ?PR?FLOOR_INIT?FLOOR
            CODE    1740H     0004H     UNIT         ?PR?RELAY_UP?RELAY
            CODE    1744H     0004H     UNIT         ?PR?RELAY_UPRESET?RELAY
            CODE    1748H     0004H     UNIT         ?PR?RELAY_DOWN?RELAY
            CODE    174CH     0004H     UNIT         ?PR?RELAY_DOWNRESET?RELAY
            CODE    1750H     0003H     UNIT         ?CO?IRF
            CODE    1753H     0003H     UNIT         ?PR?UART_ENABLE?UART
            CODE    1756H     0003H     UNIT         ?PR?UART_DISABLE?UART



OVERLAY MAP OF MODULE:   .\Objects\motor_test (?C_STARTUP)


SEGMENT
  +--> CALLED SEGMENT
---------------------
?C_C51STARTUP
  +--> ?PR?MAIN?MAIN
  +--> ?C_INITSEG

?PR?MAIN?MAIN
  +--> ?PR?GPIO_P10_CONFIG?GPIO
  +--> ?PR?GPIO_P01_CONFIG?GPIO



SYMBOL TABLE OF MODULE:  .\Objects\motor_test (?C_STARTUP)

  VALUE           TYPE          NAME
  ----------------------------------

  -------         MODULE        ?C_STARTUP
  C:0FE7H         SEGMENT       ?C_C51STARTUP
  I:0008H         SEGMENT       ?STACK
  C:0000H         PUBLIC        ?C_STARTUP
  D:00E0H         SYMBOL        ACC
  D:00F0H         SYMBOL        B
  D:0083H         SYMBOL        DPH
  D:0082H         SYMBOL        DPL
  N:0000H         SYMBOL        IBPSTACK
  N:0100H         SYMBOL        IBPSTACKTOP
  N:0080H         SYMBOL        IDATALEN
  C:0FEAH         SYMBOL        IDATALOOP
  N:0000H         SYMBOL        PBPSTACK
  N:0100H         SYMBOL        PBPSTACKTOP
  N:0000H         SYMBOL        PDATALEN
  N:0000H         SYMBOL        PDATASTART
  N:0000H         SYMBOL        PPAGE
  N:0000H         SYMBOL        PPAGEENABLE
  D:00A0H         SYMBOL        PPAGE_SFR
  D:0081H         SYMBOL        SP
  C:0FE7H         SYMBOL        STARTUP1
  N:0000H         SYMBOL        XBPSTACK
  N:0000H         SYMBOL        XBPSTACKTOP
  N:0000H         SYMBOL        XDATALEN
BL51 BANKED LINKER/LOCATER V6.22.2.0                                                  05/23/2021  14:56:19  PAGE 5


  N:0000H         SYMBOL        XDATASTART
  C:0000H         LINE#         126
  C:0FE7H         LINE#         133
  C:0FE9H         LINE#         134
  C:0FEAH         LINE#         135
  C:0FEBH         LINE#         136
  C:0FEDH         LINE#         185
  C:0FF0H         LINE#         196
  -------         ENDMOD        ?C_STARTUP

  -------         MODULE        MAIN
  C:0000H         SYMBOL        _ICE_DUMMY_
  D:0080H         PUBLIC        P0
  D:0090H         PUBLIC        P1
  D:00A0H         PUBLIC        P2
  D:00B0H         PUBLIC        P3
  D:00D8H         PUBLIC        PWMCON0
  D:00A8H         PUBLIC        IE
  D:00B8H         PUBLIC        IP
  C:16E5H         PUBLIC        main
  D:0098H         PUBLIC        SCON
  D:0088H         PUBLIC        TCON
  D:00F8H         PUBLIC        SCON_1
  X:00E8H         PUBLIC        botLimitFloor
  D:00E8H         PUBLIC        ADCCON0
  D:00C0H         PUBLIC        I2CON
  X:00EAH         PUBLIC        topLimitFloor
  D:00C8H         PUBLIC        T2CON
  D:00D0H         PUBLIC        PSW
  -------         PROC          MAIN
  C:16E5H         LINE#         27
  C:16E5H         LINE#         28
  C:16E5H         LINE#         35
  C:16E8H         LINE#         36
  C:16EBH         LINE#         37
  -------         ENDPROC       MAIN
  -------         ENDMOD        MAIN

  -------         MODULE        IRFAPP_MAIN
  C:0000H         SYMBOL        _ICE_DUMMY_
  D:0080H         PUBLIC        P0
  D:0090H         PUBLIC        P1
  D:00A0H         PUBLIC        P2
  D:00B0H         PUBLIC        P3
  C:1721H         SYMBOL        APP_GetAllState
  D:00D8H         PUBLIC        PWMCON0
  C:1705H         SYMBOL        APP_StartRun
  D:00A8H         PUBLIC        IE
  X:0094H         PUBLIC        speedValue
  D:00B8H         PUBLIC        IP
  C:1728H         SYMBOL        APP_ResetDevice
  C:170CH         SYMBOL        APP_StopRun
  X:0095H         PUBLIC        updownFloorFlag
  X:0096H         PUBLIC        floorValue
  C:14CFH         SYMBOL        _APP_UpDownFloor
  X:0097H         PUBLIC        deviceAnnounceFlag
  D:0098H         PUBLIC        SCON
BL51 BANKED LINKER/LOCATER V6.22.2.0                                                  05/23/2021  14:56:19  PAGE 6


  D:0088H         PUBLIC        TCON
  D:00F8H         PUBLIC        SCON_1
  X:0098H         PUBLIC        getStateFloorFlag
  X:0099H         PUBLIC        checkConnectFlag
  C:16F7H         SYMBOL        APP_DeviceAnnounce
  X:009AH         PUBLIC        setSpeedMotorFlag
  X:009BH         PUBLIC        getStateMotorFlag
  C:0F55H         PUBLIC        _APP_CheckCommandExistAndExecutes
  D:00E8H         PUBLIC        ADCCON0
  D:00C0H         PUBLIC        I2CON
  X:009CH         PUBLIC        getAllStateFlag
  X:009DH         PUBLIC        startRunFlag
  D:00C8H         PUBLIC        T2CON
  C:171AH         SYMBOL        APP_GetStateFloor
  C:16FEH         SYMBOL        APP_CheckConnect
  X:009EH         PUBLIC        resetDeviceFlag
  C:14F5H         SYMBOL        _APP_SetSpeedMotor
  D:00D0H         PUBLIC        PSW
  X:009FH         PUBLIC        stopRunFlag
  C:1713H         SYMBOL        APP_GetStateMotor
  -------         PROC          _APP_CHECKCOMMANDEXISTANDEXECUTES
  X:00B3H         SYMBOL        command
  X:00B4H         SYMBOL        type
  X:00B5H         SYMBOL        buff
  X:00B8H         SYMBOL        length
  -------         DO            
  X:00B9H         SYMBOL        type1
  X:00BAH         SYMBOL        length1
  -------         ENDDO         
  C:0F55H         LINE#         56
  C:0F6AH         LINE#         57
  C:0F6AH         LINE#         58
  C:0F74H         LINE#         59
  C:0F7EH         LINE#         60
  C:0FA9H         LINE#         61
  C:0FA9H         LINE#         62
  C:0FA9H         LINE#         63
  C:0FACH         LINE#         64
  C:0FADH         LINE#         65
  C:0FADH         LINE#         66
  C:0FB0H         LINE#         67
  C:0FB1H         LINE#         68
  C:0FB1H         LINE#         69
  C:0FB4H         LINE#         70
  C:0FB5H         LINE#         71
  C:0FB5H         LINE#         72
  C:0FB8H         LINE#         73
  C:0FB9H         LINE#         74
  C:0FB9H         LINE#         75
  C:0FC7H         LINE#         76
  C:0FC8H         LINE#         77
  C:0FC8H         LINE#         78
  C:0FCBH         LINE#         79
  C:0FCCH         LINE#         80
  C:0FCCH         LINE#         81
  C:0FCFH         LINE#         82
  C:0FD0H         LINE#         83
BL51 BANKED LINKER/LOCATER V6.22.2.0                                                  05/23/2021  14:56:19  PAGE 7


  C:0FD0H         LINE#         84
  C:0FDEH         LINE#         85
  C:0FDFH         LINE#         86
  C:0FDFH         LINE#         87
  C:0FE2H         LINE#         88
  C:0FE3H         LINE#         89
  C:0FE3H         LINE#         90
  C:0FE6H         LINE#         91
  C:0FE6H         LINE#         92
  C:0FE6H         LINE#         93
  C:0FE6H         LINE#         94
  C:0FE6H         LINE#         95
  -------         ENDPROC       _APP_CHECKCOMMANDEXISTANDEXECUTES
  -------         PROC          APP_DEVICEANNOUNCE
  C:16F7H         LINE#         104
  C:16F7H         LINE#         105
  C:16F7H         LINE#         106
  C:16FDH         LINE#         107
  -------         ENDPROC       APP_DEVICEANNOUNCE
  -------         PROC          APP_CHECKCONNECT
  C:16FEH         LINE#         115
  C:16FEH         LINE#         116
  C:16FEH         LINE#         117
  C:1704H         LINE#         118
  -------         ENDPROC       APP_CHECKCONNECT
  -------         PROC          APP_STARTRUN
  C:1705H         LINE#         126
  C:1705H         LINE#         127
  C:1705H         LINE#         128
  C:170BH         LINE#         129
  -------         ENDPROC       APP_STARTRUN
  -------         PROC          APP_STOPRUN
  C:170CH         LINE#         137
  C:170CH         LINE#         138
  C:170CH         LINE#         139
  C:1712H         LINE#         140
  -------         ENDPROC       APP_STOPRUN
  -------         PROC          _APP_UPDOWNFLOOR
  X:00FCH         SYMBOL        buff
  C:14CFH         LINE#         148
  C:14DAH         LINE#         149
  C:14DAH         LINE#         150
  C:14E0H         LINE#         151
  C:14F4H         LINE#         152
  -------         ENDPROC       _APP_UPDOWNFLOOR
  -------         PROC          APP_GETSTATEMOTOR
  C:1713H         LINE#         160
  C:1713H         LINE#         161
  C:1713H         LINE#         162
  C:1719H         LINE#         164
  -------         ENDPROC       APP_GETSTATEMOTOR
  -------         PROC          APP_GETSTATEFLOOR
  C:171AH         LINE#         172
  C:171AH         LINE#         173
  C:171AH         LINE#         174
  C:1720H         LINE#         175
  -------         ENDPROC       APP_GETSTATEFLOOR
BL51 BANKED LINKER/LOCATER V6.22.2.0                                                  05/23/2021  14:56:19  PAGE 8


  -------         PROC          _APP_SETSPEEDMOTOR
  X:00FFH         SYMBOL        buff
  C:14F5H         LINE#         183
  C:1500H         LINE#         184
  C:1500H         LINE#         185
  C:1506H         LINE#         186
  C:151AH         LINE#         187
  -------         ENDPROC       _APP_SETSPEEDMOTOR
  -------         PROC          APP_GETALLSTATE
  C:1721H         LINE#         195
  C:1721H         LINE#         196
  C:1721H         LINE#         197
  C:1727H         LINE#         198
  -------         ENDPROC       APP_GETALLSTATE
  -------         PROC          APP_RESETDEVICE
  C:1728H         LINE#         206
  C:1728H         LINE#         207
  C:1728H         LINE#         208
  C:172EH         LINE#         209
  -------         ENDPROC       APP_RESETDEVICE
  -------         ENDMOD        IRFAPP_MAIN

  -------         MODULE        MAIN_FUNC
  C:0000H         SYMBOL        _ICE_DUMMY_
  X:0000H         PUBLIC        stopRun
  D:0080H         PUBLIC        P0
  D:0090H         PUBLIC        P1
  D:00A0H         PUBLIC        P2
  D:00B0H         PUBLIC        P3
  D:00D8H         PUBLIC        PWMCON0
  C:1736H         PUBLIC        funcHandle_GetStateFloorFlag
  C:1647H         PUBLIC        funcHandle_CheckConnectFlag
  D:00A8H         PUBLIC        IE
  C:141BH         PUBLIC        funcHandle_SetSpeedMotorFlag
  C:169DH         PUBLIC        funcHandle_GetStateMotorFlag
  D:00B8H         PUBLIC        IP
  C:1247H         PUBLIC        funcHandle_GetAllStateFlag
  C:15A6H         PUBLIC        funcHandle_StartRunFlag
  X:0006H         PUBLIC        stateFloorFlag
  X:0007H         PUBLIC        updownFloor
  X:000DH         PUBLIC        currentDuty
  D:0098H         PUBLIC        SCON
  D:0088H         PUBLIC        TCON
  X:000FH         PUBLIC        stateMotorFlag
  C:1675H         PUBLIC        funcHandle_StopRunFlag
  D:00F8H         PUBLIC        SCON_1
  X:0010H         PUBLIC        getStateFloor
  X:0016H         PUBLIC        checkConnect
  X:001CH         PUBLIC        setSpeedMotor
  D:00E8H         PUBLIC        ADCCON0
  X:0022H         PUBLIC        getStateMotor
  D:00C0H         PUBLIC        I2CON
  X:0028H         PUBLIC        getAllState
  C:16AEH         PUBLIC        funcHandle_UpdownFloorFlag
  D:00C8H         PUBLIC        T2CON
  X:002FH         PUBLIC        startRun
  C:0039H         PUBLIC        funcHandle_DeviceAnnounceFlag
BL51 BANKED LINKER/LOCATER V6.22.2.0                                                  05/23/2021  14:56:19  PAGE 9


  X:0035H         PUBLIC        stateConnectFlag
  C:0A7EH         PUBLIC        funcHandle_AllFlag
  X:0036H         PUBLIC        resetDevice
  D:00D0H         PUBLIC        PSW
  -------         PROC          FUNCHANDLE_ALLFLAG
  C:0A7EH         LINE#         68
  C:0A7EH         LINE#         69
  C:0A7EH         LINE#         70
  C:0AF6H         LINE#         73
  C:0AF6H         LINE#         74
  C:0B03H         LINE#         75
  C:0B03H         LINE#         76
  C:0B06H         LINE#         78
  C:0B14H         LINE#         79
  C:0B14H         LINE#         80
  C:0B17H         LINE#         82
  C:0B25H         LINE#         83
  C:0B25H         LINE#         84
  C:0B28H         LINE#         86
  C:0B36H         LINE#         87
  C:0B36H         LINE#         88
  C:0B39H         LINE#         90
  C:0B47H         LINE#         91
  C:0B47H         LINE#         92
  C:0B4AH         LINE#         94
  C:0B58H         LINE#         95
  C:0B58H         LINE#         96
  C:0B5BH         LINE#         98
  C:0B69H         LINE#         99
  C:0B69H         LINE#         100
  C:0B6CH         LINE#         102
  C:0B7AH         LINE#         103
  C:0B7AH         LINE#         104
  C:0B7DH         LINE#         106
  C:0B8BH         LINE#         107
  C:0B8BH         LINE#         108
  C:0B8EH         LINE#         110
  C:0B8EH         LINE#         111
  C:0B8EH         LINE#         112
  -------         ENDPROC       FUNCHANDLE_ALLFLAG
  -------         PROC          FUNCHANDLE_DEVICEANNOUNCEFLAG
  C:0039H         LINE#         119
  C:0039H         LINE#         120
  C:0039H         LINE#         122
  -------         ENDPROC       FUNCHANDLE_DEVICEANNOUNCEFLAG
  -------         PROC          FUNCHANDLE_CHECKCONNECTFLAG
  C:1647H         LINE#         129
  C:1647H         LINE#         130
  C:1647H         LINE#         131
  C:164CH         LINE#         132
  C:1657H         LINE#         133
  C:165DH         LINE#         135
  -------         ENDPROC       FUNCHANDLE_CHECKCONNECTFLAG
  -------         PROC          FUNCHANDLE_STARTRUNFLAG
  C:15A6H         LINE#         142
  C:15A6H         LINE#         143
  C:15A6H         LINE#         144
BL51 BANKED LINKER/LOCATER V6.22.2.0                                                  05/23/2021  14:56:19  PAGE 10


  C:15ABH         LINE#         146
  C:15B0H         LINE#         147
  C:15BBH         LINE#         148
  C:15C4H         LINE#         149
  -------         ENDPROC       FUNCHANDLE_STARTRUNFLAG
  -------         PROC          FUNCHANDLE_STOPRUNFLAG
  C:1675H         LINE#         156
  C:1675H         LINE#         157
  C:1675H         LINE#         158
  C:167AH         LINE#         160
  C:1685H         LINE#         161
  C:168AH         LINE#         162
  -------         ENDPROC       FUNCHANDLE_STOPRUNFLAG
  -------         PROC          FUNCHANDLE_UPDOWNFLOORFLAG
  C:16AEH         LINE#         169
  C:16AEH         LINE#         170
  C:16AEH         LINE#         171
  C:16B3H         LINE#         172
  C:16BDH         LINE#         174
  -------         ENDPROC       FUNCHANDLE_UPDOWNFLOORFLAG
  -------         PROC          FUNCHANDLE_GETSTATEMOTORFLAG
  C:169DH         LINE#         182
  C:169DH         LINE#         183
  C:169DH         LINE#         184
  C:16A2H         LINE#         185
  C:16ADH         LINE#         186
  -------         ENDPROC       FUNCHANDLE_GETSTATEMOTORFLAG
  -------         PROC          FUNCHANDLE_GETSTATEFLOORFLAG
  C:1736H         LINE#         193
  C:1736H         LINE#         194
  C:1736H         LINE#         195
  C:173BH         LINE#         196
  C:173BH         LINE#         197
  -------         ENDPROC       FUNCHANDLE_GETSTATEFLOORFLAG
  -------         PROC          FUNCHANDLE_SETSPEEDMOTORFLAG
  -------         DO            
  X:010EH         SYMBOL        desireDuty
  -------         ENDDO         
  C:141BH         LINE#         205
  C:141BH         LINE#         206
  C:141BH         LINE#         208
  C:1420H         LINE#         210
  C:142FH         LINE#         211
  C:1442H         LINE#         212
  C:144DH         LINE#         213
  -------         ENDPROC       FUNCHANDLE_SETSPEEDMOTORFLAG
  -------         PROC          FUNCHANDLE_GETALLSTATEFLAG
  C:1247H         LINE#         221
  C:1247H         LINE#         222
  C:1247H         LINE#         223
  C:124CH         LINE#         225
  C:1259H         LINE#         226
  C:1259H         LINE#         227
  C:125FH         LINE#         228
  C:1261H         LINE#         229
  C:1261H         LINE#         230
  C:1267H         LINE#         231
BL51 BANKED LINKER/LOCATER V6.22.2.0                                                  05/23/2021  14:56:19  PAGE 11


  C:1267H         LINE#         232
  C:1274H         LINE#         233
  C:1274H         LINE#         234
  C:127AH         LINE#         235
  C:127CH         LINE#         236
  C:127CH         LINE#         237
  C:1282H         LINE#         238
  C:1282H         LINE#         239
  C:129BH         LINE#         240
  C:12A6H         LINE#         241
  -------         ENDPROC       FUNCHANDLE_GETALLSTATEFLAG
  -------         ENDMOD        MAIN_FUNC

  -------         MODULE        MAIN_INIT
  C:0000H         SYMBOL        _ICE_DUMMY_
  D:0080H         PUBLIC        P0
  D:0090H         PUBLIC        P1
  D:00A0H         PUBLIC        P2
  D:00B0H         PUBLIC        P3
  B:00A8H.7       PUBLIC        EA
  D:00D8H         PUBLIC        PWMCON0
  D:00A8H         PUBLIC        IE
  D:00B8H         PUBLIC        IP
  C:1616H         PUBLIC        MAIN_Init
  D:0098H         PUBLIC        SCON
  D:0088H         PUBLIC        TCON
  D:00F8H         PUBLIC        SCON_1
  D:00E8H         PUBLIC        ADCCON0
  D:00C0H         PUBLIC        I2CON
  D:00C8H         PUBLIC        T2CON
  D:00D0H         PUBLIC        PSW
  -------         PROC          MAIN_INIT
  C:1616H         LINE#         32
  C:1616H         LINE#         33
  C:1616H         LINE#         34
  C:1619H         LINE#         35
  C:161CH         LINE#         36
  C:1623H         LINE#         37
  C:1626H         LINE#         39
  C:1629H         LINE#         40
  C:162CH         LINE#         41
  C:162EH         LINE#         42
  -------         ENDPROC       MAIN_INIT
  -------         ENDMOD        MAIN_INIT

  -------         MODULE        FLOOR
  C:0000H         SYMBOL        _ICE_DUMMY_
  D:0080H         PUBLIC        P0
  D:0090H         PUBLIC        P1
  D:00A0H         PUBLIC        P2
  D:00B0H         PUBLIC        P3
  D:00D8H         PUBLIC        PWMCON0
  C:0561H         PUBLIC        _FLOOR_UpOrDown
  D:00A8H         PUBLIC        IE
  D:00B8H         PUBLIC        IP
  X:007AH         PUBLIC        adc_retval
  X:0092H         PUBLIC        resutlAdc
BL51 BANKED LINKER/LOCATER V6.22.2.0                                                  05/23/2021  14:56:19  PAGE 12


  D:0098H         PUBLIC        SCON
  D:0088H         PUBLIC        TCON
  C:1073H         SYMBOL        get_adc_levels
  C:162FH         SYMBOL        _?ix1000
  D:00F8H         PUBLIC        SCON_1
  D:00E8H         PUBLIC        ADCCON0
  D:00C0H         PUBLIC        I2CON
  D:00C8H         PUBLIC        T2CON
  C:173CH         PUBLIC        FLOOR_Init
  D:00D0H         PUBLIC        PSW
  -------         PROC          GET_ADC_LEVELS
  -------         DO            
  X:0110H         SYMBOL        i
  -------         ENDDO         
  C:1073H         LINE#         17
  C:1073H         LINE#         18
  C:1073H         LINE#         20
  C:108EH         LINE#         21
  C:108EH         LINE#         22
  C:10E3H         LINE#         23
  C:10F3H         LINE#         24
  -------         ENDPROC       GET_ADC_LEVELS
  -------         PROC          FLOOR_INIT
  C:173CH         LINE#         25
  C:173CH         LINE#         26
  C:173CH         LINE#         27
  C:173FH         LINE#         28
  -------         ENDPROC       FLOOR_INIT
  -------         PROC          _FLOOR_UPORDOWN
  X:005DH         SYMBOL        desireIncl
  -------         DO            
  X:005FH         SYMBOL        i
  X:0061H         SYMBOL        dir
  X:0062H         SYMBOL        incline_level
  -------         ENDDO         
  C:0561H         LINE#         29
  C:0569H         LINE#         30
  C:0569H         LINE#         32
  C:056FH         LINE#         33
  C:0594H         LINE#         35
  C:05C8H         LINE#         36
  C:05C8H         LINE#         37
  C:05CDH         LINE#         38
  C:05CDH         LINE#         40
  C:05D0H         LINE#         43
  C:05EBH         LINE#         44
  C:05EBH         LINE#         45
  C:0619H         LINE#         46
  C:0619H         LINE#         47
  C:063FH         LINE#         48
  C:0641H         LINE#         49
  C:0641H         LINE#         50
  C:0651H         LINE#         52
  C:065CH         LINE#         54
  C:0673H         LINE#         55
  C:0673H         LINE#         56
  C:0678H         LINE#         57
BL51 BANKED LINKER/LOCATER V6.22.2.0                                                  05/23/2021  14:56:19  PAGE 13


  C:067AH         LINE#         58
  C:06B8H         LINE#         59
  C:06B8H         LINE#         60
  C:06BEH         LINE#         61
  C:06BEH         LINE#         63
  C:06BEH         LINE#         64
  C:06C4H         LINE#         65
  C:06C4H         LINE#         67
  C:06D7H         LINE#         68
  C:06D7H         LINE#         69
  C:06D7H         LINE#         70
  C:06DAH         LINE#         71
  C:06E1H         LINE#         72
  C:06E4H         LINE#         74
  C:06E4H         LINE#         75
  C:06EFH         LINE#         76
  C:070EH         LINE#         79
  C:0711H         LINE#         80
  C:0713H         LINE#         81
  C:0713H         LINE#         82
  C:0716H         LINE#         83
  C:071DH         LINE#         84
  C:0720H         LINE#         86
  C:0720H         LINE#         87
  C:072BH         LINE#         88
  C:074AH         LINE#         91
  C:074DH         LINE#         92
  C:074FH         LINE#         93
  C:074FH         LINE#         94
  C:0755H         LINE#         95
  C:0755H         LINE#         96
  C:0755H         LINE#         98
  C:075AH         LINE#         99
  -------         ENDPROC       _FLOOR_UPORDOWN
  -------         ENDMOD        FLOOR

  -------         MODULE        IRF
  C:0000H         SYMBOL        _ICE_DUMMY_
  D:0080H         PUBLIC        P0
  D:0090H         PUBLIC        P1
  D:00A0H         PUBLIC        P2
  D:00B0H         PUBLIC        P3
  C:0B8FH         SYMBOL        IRF_CallBackHandle
  D:00D8H         PUBLIC        PWMCON0
  D:00A8H         PUBLIC        IE
  D:00B8H         PUBLIC        IP
  D:0098H         PUBLIC        SCON
  D:0088H         PUBLIC        TCON
  D:00F8H         PUBLIC        SCON_1
  C:151BH         PUBLIC        _IRF_Send
  C:12FBH         PUBLIC        IRF_Proc
  C:134BH         PUBLIC        IRF_Init
  D:00E8H         PUBLIC        ADCCON0
  D:00C0H         PUBLIC        I2CON
  D:00C8H         PUBLIC        T2CON
  X:0041H         PUBLIC        irf_CommandBuff
  X:0053H         PUBLIC        irf_CommandQueue
BL51 BANKED LINKER/LOCATER V6.22.2.0                                                  05/23/2021  14:56:19  PAGE 14


  D:00D0H         PUBLIC        PSW
  -------         PROC          IRF_INIT
  C:134BH         LINE#         37
  C:134BH         LINE#         38
  C:134BH         LINE#         39
  C:1356H         LINE#         40
  C:135FH         LINE#         41
  C:1391H         LINE#         43
  C:1394H         LINE#         44
  -------         ENDPROC       IRF_INIT
  -------         PROC          IRF_CALLBACKHANDLE
  -------         DO            
  X:003CH         SYMBOL        revByte
  X:003DH         SYMBOL        revByteCount
  X:003FH         SYMBOL        checkError
  X:00A0H         SYMBOL        revBuff
  -------         ENDDO         
  C:0B8FH         LINE#         51
  C:0B8FH         LINE#         52
  C:0B8FH         LINE#         58
  C:0B97H         LINE#         59
  C:0BB5H         LINE#         61
  C:0BC2H         LINE#         62
  C:0BC2H         LINE#         63
  C:0BCBH         LINE#         64
  C:0BCBH         LINE#         65
  C:0BDFH         LINE#         66
  C:0BDFH         LINE#         67
  C:0C01H         LINE#         68
  C:0C01H         LINE#         69
  C:0C38H         LINE#         70
  C:0C38H         LINE#         71
  C:0C5EH         LINE#         72
  C:0C60H         LINE#         74
  C:0C60H         LINE#         75
  C:0C6EH         LINE#         76
  C:0C79H         LINE#         77
  C:0C79H         LINE#         78
  C:0C81H         LINE#         79
  C:0C81H         LINE#         80
  C:0C81H         LINE#         81
  -------         ENDPROC       IRF_CALLBACKHANDLE
  -------         PROC          IRF_PROC
  -------         DO            
  X:00AAH         SYMBOL        irf_CommandBuff
  -------         ENDDO         
  C:12FBH         LINE#         88
  C:12FBH         LINE#         89
  C:12FBH         LINE#         91
  C:1307H         LINE#         92
  C:1307H         LINE#         93
  C:132DH         LINE#         94
  C:134AH         LINE#         97
  C:134AH         LINE#         98
  -------         ENDPROC       IRF_PROC
  -------         PROC          _IRF_SEND
  X:00ECH         SYMBOL        buff
BL51 BANKED LINKER/LOCATER V6.22.2.0                                                  05/23/2021  14:56:19  PAGE 15


  X:00EFH         SYMBOL        length
  C:151BH         LINE#         105
  C:152BH         LINE#         106
  C:152BH         LINE#         107
  C:153EH         LINE#         108
  -------         ENDPROC       _IRF_SEND
  -------         ENDMOD        IRF

  -------         MODULE        MOTOR
  C:0000H         SYMBOL        _ICE_DUMMY_
  D:00B3H         PUBLIC        P1M1
  D:0080H         PUBLIC        P0
  D:00B4H         PUBLIC        P1M2
  D:0090H         PUBLIC        P1
  D:00A0H         PUBLIC        P2
  D:00B0H         PUBLIC        P3
  D:00D8H         PUBLIC        PWMCON0
  C:165EH         PUBLIC        _MOTOR_Init
  D:00A8H         PUBLIC        IE
  C:0C82H         PUBLIC        _MOTOR_SetSpeed
  D:00B8H         PUBLIC        IP
  D:0098H         PUBLIC        SCON
  D:0088H         PUBLIC        TCON
  X:0114H         PUBLIC        checkStopCmd
  D:00F8H         PUBLIC        SCON_1
  C:12A7H         PUBLIC        _MOTOR_SetStop
  C:16BEH         PUBLIC        MOTOR_Config
  D:00E8H         PUBLIC        ADCCON0
  D:00C0H         PUBLIC        I2CON
  D:00C8H         PUBLIC        T2CON
  D:00D4H         PUBLIC        PWM2H
  C:0026H         PUBLIC        MOTOR_GetCurrentSpeed
  D:00DCH         PUBLIC        PWM2L
  D:00D0H         PUBLIC        PSW
  -------         PROC          MOTOR_CONFIG
  C:16BEH         LINE#         25
  C:16BEH         LINE#         26
  C:16BEH         LINE#         27
  C:16C4H         LINE#         28
  C:16CBH         LINE#         29
  -------         ENDPROC       MOTOR_CONFIG
  -------         PROC          _MOTOR_INIT
  X:0112H         SYMBOL        defaultDuty
  C:165EH         LINE#         35
  C:1666H         LINE#         36
  C:1666H         LINE#         37
  C:1669H         LINE#         38
  C:1674H         LINE#         39
  -------         ENDPROC       _MOTOR_INIT
  -------         PROC          MOTOR_GETCURRENTSPEED
  C:0026H         LINE#         45
  C:0026H         LINE#         46
  C:0026H         LINE#         47
  C:0038H         LINE#         48
  -------         ENDPROC       MOTOR_GETCURRENTSPEED
  -------         PROC          _MOTOR_SETSPEED
  X:00CBH         SYMBOL        currentDuty
BL51 BANKED LINKER/LOCATER V6.22.2.0                                                  05/23/2021  14:56:19  PAGE 16


  X:00CDH         SYMBOL        desireDuty
  -------         DO            
  X:00CFH         SYMBOL        i
  -------         ENDDO         
  C:0C82H         LINE#         54
  C:0C92H         LINE#         55
  C:0C92H         LINE#         56
  C:0C9AH         LINE#         57
  C:0CB1H         LINE#         58
  C:0CB1H         LINE#         59
  C:0CE9H         LINE#         60
  C:0CE9H         LINE#         61
  C:0CF4H         LINE#         62
  C:0CFBH         LINE#         63
  C:0D0BH         LINE#         64
  C:0D0DH         LINE#         65
  C:0D0DH         LINE#         66
  C:0D42H         LINE#         67
  C:0D42H         LINE#         68
  C:0D4DH         LINE#         69
  C:0D54H         LINE#         70
  C:0D64H         LINE#         71
  C:0D64H         LINE#         72
  C:0D6CH         LINE#         73
  -------         ENDPROC       _MOTOR_SETSPEED
  -------         PROC          _MOTOR_SETSTOP
  X:00F0H         SYMBOL        currentDuty
  -------         DO            
  X:00F2H         SYMBOL        i
  -------         ENDDO         
  C:12A7H         LINE#         74
  C:12AFH         LINE#         75
  C:12AFH         LINE#         76
  C:12B7H         LINE#         77
  C:12D8H         LINE#         78
  C:12D8H         LINE#         79
  C:12E3H         LINE#         80
  C:12EAH         LINE#         81
  C:12FAH         LINE#         82
  -------         ENDPROC       _MOTOR_SETSTOP
  -------         ENDMOD        MOTOR

  -------         MODULE        RELAY
  C:0000H         SYMBOL        _ICE_DUMMY_
  D:00B1H         PUBLIC        P0M1
  D:00B3H         PUBLIC        P1M1
  D:00B2H         PUBLIC        P0M2
  D:0080H         PUBLIC        P0
  C:174CH         PUBLIC        RELAY_DownReset
  D:00B4H         PUBLIC        P1M2
  D:0090H         PUBLIC        P1
  D:00A0H         PUBLIC        P2
  D:00B0H         PUBLIC        P3
  D:00D8H         PUBLIC        PWMCON0
  D:00A8H         PUBLIC        IE
  D:00B8H         PUBLIC        IP
  C:1740H         PUBLIC        RELAY_Up
BL51 BANKED LINKER/LOCATER V6.22.2.0                                                  05/23/2021  14:56:19  PAGE 17


  C:1744H         PUBLIC        RELAY_UpReset
  D:0098H         PUBLIC        SCON
  D:0088H         PUBLIC        TCON
  C:15C5H         PUBLIC        RELAY_Config
  D:00F8H         PUBLIC        SCON_1
  D:00E8H         PUBLIC        ADCCON0
  D:00C0H         PUBLIC        I2CON
  C:15FCH         PUBLIC        _RELAY_AC
  D:00C8H         PUBLIC        T2CON
  C:1748H         PUBLIC        RELAY_Down
  D:00D0H         PUBLIC        PSW
  -------         PROC          RELAY_CONFIG
  C:15C5H         LINE#         22
  C:15C5H         LINE#         23
  C:15C5H         LINE#         24
  C:15CBH         LINE#         25
  C:15D1H         LINE#         26
  C:15D7H         LINE#         27
  C:15DAH         LINE#         28
  C:15DDH         LINE#         29
  C:15E0H         LINE#         30
  -------         ENDPROC       RELAY_CONFIG
  -------         PROC          _RELAY_AC
  X:011CH         SYMBOL        state
  C:15FCH         LINE#         36
  C:1601H         LINE#         37
  C:1601H         LINE#         38
  C:160EH         LINE#         39
  C:160EH         LINE#         40
  C:1611H         LINE#         41
  C:1612H         LINE#         42
  C:1612H         LINE#         43
  C:1615H         LINE#         44
  C:1615H         LINE#         46
  -------         ENDPROC       _RELAY_AC
  -------         PROC          RELAY_UP
  C:1740H         LINE#         53
  C:1740H         LINE#         54
  C:1740H         LINE#         55
  C:1743H         LINE#         56
  -------         ENDPROC       RELAY_UP
  -------         PROC          RELAY_UPRESET
  C:1744H         LINE#         63
  C:1744H         LINE#         64
  C:1744H         LINE#         65
  C:1747H         LINE#         66
  -------         ENDPROC       RELAY_UPRESET
  -------         PROC          RELAY_DOWN
  C:1748H         LINE#         73
  C:1748H         LINE#         74
  C:1748H         LINE#         75
  C:174BH         LINE#         76
  -------         ENDPROC       RELAY_DOWN
  -------         PROC          RELAY_DOWNRESET
  C:174CH         LINE#         83
  C:174CH         LINE#         84
  C:174CH         LINE#         85
BL51 BANKED LINKER/LOCATER V6.22.2.0                                                  05/23/2021  14:56:19  PAGE 18


  C:174FH         LINE#         86
  -------         ENDPROC       RELAY_DOWNRESET
  -------         ENDMOD        RELAY

  -------         MODULE        ADC
  C:0000H         SYMBOL        _ICE_DUMMY_
  D:00F6H         PUBLIC        AINDIDS
  D:00B3H         PUBLIC        P1M1
  D:0080H         PUBLIC        P0
  D:00B4H         PUBLIC        P1M2
  D:0090H         PUBLIC        P1
  D:00A0H         PUBLIC        P2
  D:00B0H         PUBLIC        P3
  D:00D8H         PUBLIC        PWMCON0
  D:00A8H         PUBLIC        IE
  B:00E8H.7       PUBLIC        ADCF
  C:11DCH         PUBLIC        ADC_ReadResultConvert
  D:00B8H         PUBLIC        IP
  D:0098H         PUBLIC        SCON
  D:0088H         PUBLIC        TCON
  C:168BH         PUBLIC        ADC_Init
  D:00F8H         PUBLIC        SCON_1
  D:00E8H         PUBLIC        ADCCON0
  D:00E1H         PUBLIC        ADCCON1
  D:00C0H         PUBLIC        I2CON
  D:00C3H         PUBLIC        ADCRH
  D:00C8H         PUBLIC        T2CON
  D:00C2H         PUBLIC        ADCRL
  C:16EEH         PUBLIC        ADC_Enable
  D:00D0H         PUBLIC        PSW
  -------         PROC          ADC_INIT
  C:168BH         LINE#         6
  C:168BH         LINE#         7
  C:168BH         LINE#         8
  C:1691H         LINE#         9
  C:1694H         LINE#         10
  C:1696H         LINE#         11
  C:1699H         LINE#         12
  C:169CH         LINE#         13
  -------         ENDPROC       ADC_INIT
  -------         PROC          ADC_ENABLE
  C:16EEH         LINE#         15
  C:16EEH         LINE#         16
  C:16EEH         LINE#         17
  C:16F0H         LINE#         18
  C:16F3H         LINE#         19
  C:16F6H         LINE#         20
  -------         ENDPROC       ADC_ENABLE
  -------         PROC          ADC_READRESULTCONVERT
  -------         DO            
  X:00D1H         SYMBOL        lowByte
  X:00D3H         SYMBOL        highByte
  X:00D5H         SYMBOL        resutl
  -------         ENDDO         
  C:11DCH         LINE#         22
  C:11DCH         LINE#         23
  C:11DCH         LINE#         24
BL51 BANKED LINKER/LOCATER V6.22.2.0                                                  05/23/2021  14:56:19  PAGE 19


  C:11E4H         LINE#         25
  C:11ECH         LINE#         26
  C:11F4H         LINE#         28
  C:11F7H         LINE#         30
  C:1206H         LINE#         31
  C:1212H         LINE#         33
  C:123EH         LINE#         34
  C:1246H         LINE#         35
  -------         ENDPROC       ADC_READRESULTCONVERT
  -------         ENDMOD        ADC

  -------         MODULE        DELAY
  C:0000H         SYMBOL        _ICE_DUMMY_
  D:0080H         PUBLIC        P0
  D:0090H         PUBLIC        P1
  D:00A0H         PUBLIC        P2
  D:00B0H         PUBLIC        P3
  D:00D8H         PUBLIC        PWMCON0
  D:00A8H         PUBLIC        IE
  D:00B8H         PUBLIC        IP
  D:0098H         PUBLIC        SCON
  D:0088H         PUBLIC        TCON
  D:00F8H         PUBLIC        SCON_1
  C:144EH         PUBLIC        _delay_ms
  D:00E8H         PUBLIC        ADCCON0
  C:13DEH         PUBLIC        _delay_us
  D:00C0H         PUBLIC        I2CON
  D:00C8H         PUBLIC        T2CON
  D:00D0H         PUBLIC        PSW
  -------         PROC          _DELAY_MS
  X:0116H         SYMBOL        value
  C:144EH         LINE#         27
  C:1456H         LINE#         28
  C:1456H         LINE#         29
  C:1462H         LINE#         30
  C:1462H         LINE#         31
  C:1469H         LINE#         32
  C:1477H         LINE#         33
  C:1479H         LINE#         34
  -------         ENDPROC       _DELAY_MS
  -------         PROC          _DELAY_US
  X:00F4H         SYMBOL        value
  -------         DO            
  X:00F6H         SYMBOL        loops
  -------         ENDDO         
  C:13DEH         LINE#         42
  C:13E6H         LINE#         43
  C:13E6H         LINE#         44
  C:13FDH         LINE#         46
  C:1409H         LINE#         47
  C:1409H         LINE#         48
  C:140AH         LINE#         49
  C:1418H         LINE#         50
  C:141AH         LINE#         51
  -------         ENDPROC       _DELAY_US
  -------         ENDMOD        DELAY

BL51 BANKED LINKER/LOCATER V6.22.2.0                                                  05/23/2021  14:56:19  PAGE 20


  -------         MODULE        PWM
  C:0000H         SYMBOL        _ICE_DUMMY_
  D:00B3H         PUBLIC        P1M1
  D:0080H         PUBLIC        P0
  D:00B4H         PUBLIC        P1M2
  D:0090H         PUBLIC        P1
  D:00A0H         PUBLIC        P2
  D:00B0H         PUBLIC        P3
  D:00D8H         PUBLIC        PWMCON0
  D:00DFH         PUBLIC        PWMCON1
  D:00D1H         PUBLIC        PWMPH
  D:00A8H         PUBLIC        IE
  D:00D9H         PUBLIC        PWMPL
  D:00B8H         PUBLIC        IP
  B:00D8H.6       PUBLIC        LOAD
  C:147AH         PUBLIC        _PWM_SetDuty
  D:0098H         PUBLIC        SCON
  D:0088H         PUBLIC        TCON
  D:00F8H         PUBLIC        SCON_1
  B:00D8H.4       PUBLIC        CLRPWM
  D:00E8H         PUBLIC        ADCCON0
  D:00C0H         PUBLIC        I2CON
  D:00C8H         PUBLIC        T2CON
  C:153FH         PUBLIC        PWM_Init
  B:00D8H.7       PUBLIC        PWMRUN
  D:00D6H         PUBLIC        PNP
  D:00D4H         PUBLIC        PWM2H
  D:008EH         PUBLIC        CKCON
  D:00DCH         PUBLIC        PWM2L
  D:00DEH         PUBLIC        PIOCON0
  D:00D0H         PUBLIC        PSW
  -------         PROC          PWM_INIT
  C:153FH         LINE#         28
  C:153FH         LINE#         29
  C:153FH         LINE#         35
  C:1545H         LINE#         36
  C:1548H         LINE#         37
  C:154BH         LINE#         38
  C:154EH         LINE#         39
  C:1550H         LINE#         40
  C:1553H         LINE#         41
  C:1559H         LINE#         42
  C:155CH         LINE#         44
  C:155FH         LINE#         45
  C:1562H         LINE#         47
  -------         ENDPROC       PWM_INIT
  -------         PROC          _PWM_SETDUTY
  X:0118H         SYMBOL        pwmDuty
  C:147AH         LINE#         54
  C:1482H         LINE#         55
  C:1482H         LINE#         57
  C:1484H         LINE#         58
  C:1494H         LINE#         59
  C:14A1H         LINE#         60
  C:14A3H         LINE#         61
  C:14A5H         LINE#         62
  -------         ENDPROC       _PWM_SETDUTY
BL51 BANKED LINKER/LOCATER V6.22.2.0                                                  05/23/2021  14:56:19  PAGE 21


  -------         ENDMOD        PWM

  -------         MODULE        UART
  C:0000H         SYMBOL        _ICE_DUMMY_
  D:00B1H         PUBLIC        P0M1
  D:00B2H         PUBLIC        P0M2
  D:0080H         PUBLIC        P0
  D:0090H         PUBLIC        P1
  X:0105H         PUBLIC        p_uartCallBack
  D:00A0H         PUBLIC        P2
  D:00B0H         PUBLIC        P3
  D:00D8H         PUBLIC        PWMCON0
  C:10F4H         PUBLIC        SerialPort0_ISR
  D:00A8H         PUBLIC        IE
  B:00A8H.4       PUBLIC        ES
  D:00B8H         PUBLIC        IP
  B:0098H.0       PUBLIC        RI
  B:0098H.1       PUBLIC        TI
  C:1563H         PUBLIC        _UART_CallBackInit
  C:1395H         PUBLIC        _UART_SendData
  D:0099H         PUBLIC        SBUF
  D:0087H         PUBLIC        PCON
  C:0EB7H         PUBLIC        _UART_Init
  D:0098H         PUBLIC        SCON
  D:0088H         PUBLIC        TCON
  C:0003H         PUBLIC        _UART_SendByte
  D:00F8H         PUBLIC        SCON_1
  C:16D9H         PUBLIC        UART_RevData
  D:00C6H         PUBLIC        RH3
  D:00C5H         PUBLIC        RL3
  C:1756H         PUBLIC        UART_Disable
  D:00E8H         PUBLIC        ADCCON0
  D:00C0H         PUBLIC        I2CON
  D:00C8H         PUBLIC        T2CON
  C:1753H         PUBLIC        UART_Enable
  D:00C4H         PUBLIC        T3CON
  D:00D0H         PUBLIC        PSW
  -------         PROC          _UART_INIT
  X:00F8H         SYMBOL        baudRate
  C:0EB7H         LINE#         28
  C:0EBDH         LINE#         29
  C:0EBDH         LINE#         30
  C:0EC3H         LINE#         31
  C:0EC9H         LINE#         34
  C:0F00H         LINE#         35
  C:0F42H         LINE#         42
  C:0F45H         LINE#         43
  C:0F48H         LINE#         44
  C:0F4BH         LINE#         45
  C:0F4EH         LINE#         46
  C:0F51H         LINE#         47
  C:0F54H         LINE#         48
  -------         ENDPROC       _UART_INIT
  -------         PROC          UART_ENABLE
  C:1753H         LINE#         56
  C:1753H         LINE#         57
  C:1753H         LINE#         58
BL51 BANKED LINKER/LOCATER V6.22.2.0                                                  05/23/2021  14:56:19  PAGE 22


  C:1755H         LINE#         59
  -------         ENDPROC       UART_ENABLE
  -------         PROC          UART_DISABLE
  C:1756H         LINE#         67
  C:1756H         LINE#         68
  C:1756H         LINE#         69
  C:1758H         LINE#         70
  -------         ENDPROC       UART_DISABLE
  -------         PROC          _UART_SENDBYTE
  X:011AH         SYMBOL        byte
  -------         DO            
  X:011BH         SYMBOL        byteReverse
  -------         ENDDO         
  C:0003H         LINE#         79
  C:0008H         LINE#         80
  C:0008H         LINE#         82
  C:000AH         LINE#         83
  C:0018H         LINE#         84
  C:001FH         LINE#         85
  C:0022H         LINE#         86
  -------         ENDPROC       _UART_SENDBYTE
  -------         PROC          _UART_SENDDATA
  X:00E3H         SYMBOL        buff
  X:00E6H         SYMBOL        length
  -------         DO            
  X:00E7H         SYMBOL        i
  -------         ENDDO         
  C:1395H         LINE#         94
  C:13A5H         LINE#         95
  C:13A5H         LINE#         97
  C:13B9H         LINE#         98
  C:13B9H         LINE#         99
  C:13D5H         LINE#         100
  C:13DDH         LINE#         101
  -------         ENDPROC       _UART_SENDDATA
  -------         PROC          UART_REVDATA
  -------         DO            
  X:011DH         SYMBOL        dataRx
  -------         ENDDO         
  C:16D9H         LINE#         109
  C:16D9H         LINE#         110
  C:16D9H         LINE#         112
  C:16DFH         LINE#         113
  C:16E4H         LINE#         114
  -------         ENDPROC       UART_REVDATA
  -------         PROC          _UART_CALLBACKINIT
  X:0102H         SYMBOL        uartCallBackFnc
  C:1563H         LINE#         152
  C:156EH         LINE#         153
  C:156EH         LINE#         154
  C:1584H         LINE#         155
  -------         ENDPROC       _UART_CALLBACKINIT
  -------         PROC          SERIALPORT0_ISR
  C:10F4H         LINE#         163
  C:1111H         LINE#         165
  C:1114H         LINE#         166
  C:1114H         LINE#         167
BL51 BANKED LINKER/LOCATER V6.22.2.0                                                  05/23/2021  14:56:19  PAGE 23


  C:1116H         LINE#         168
  C:1140H         LINE#         169
  C:1140H         LINE#         170
  C:114EH         LINE#         171
  C:114EH         LINE#         172
  C:114EH         LINE#         173
  C:1151H         LINE#         174
  C:1153H         LINE#         175
  -------         ENDPROC       SERIALPORT0_ISR
  -------         ENDMOD        UART

  -------         MODULE        GPIO
  C:0000H         SYMBOL        _ICE_DUMMY_
  D:00B1H         PUBLIC        P0M1
  D:00B3H         PUBLIC        P1M1
  D:00B2H         PUBLIC        P0M2
  D:0080H         PUBLIC        P0
  D:00B4H         PUBLIC        P1M2
  D:0090H         PUBLIC        P1
  D:00A0H         PUBLIC        P2
  D:00B0H         PUBLIC        P3
  B:00A8H.7       PUBLIC        EA
  D:00D8H         PUBLIC        PWMCON0
  D:00A8H         PUBLIC        IE
  D:00B8H         PUBLIC        IP
  B:0080H.1       PUBLIC        P01
  D:0098H         PUBLIC        SCON
  D:0088H         PUBLIC        TCON
  D:00F8H         PUBLIC        SCON_1
  C:16CCH         PUBLIC        PinInterrupt_ISR
  D:009BH         PUBLIC        EIE
  D:00E8H         PUBLIC        ADCCON0
  D:00C0H         PUBLIC        I2CON
  D:00ECH         PUBLIC        PIF
  D:00C8H         PUBLIC        T2CON
  D:00E9H         PUBLIC        PICON
  D:00D0H         PUBLIC        PSW
  D:00EAH         PUBLIC        PINEN
  C:172FH         PUBLIC        GPIO_P01_Config
  C:15E1H         PUBLIC        GPIO_P10_Config
  D:00EBH         PUBLIC        PIPEN
  -------         PROC          GPIO_P10_CONFIG
  C:15E1H         LINE#         7
  C:15E1H         LINE#         8
  C:15E1H         LINE#         9
  C:15E7H         LINE#         10
  C:15EAH         LINE#         11
  C:15F3H         LINE#         12
  C:15F6H         LINE#         13
  C:15F9H         LINE#         14
  C:15FBH         LINE#         15
  -------         ENDPROC       GPIO_P10_CONFIG
  -------         PROC          GPIO_P01_CONFIG
  C:172FH         LINE#         17
  C:172FH         LINE#         18
  C:172FH         LINE#         19
  C:1735H         LINE#         20
BL51 BANKED LINKER/LOCATER V6.22.2.0                                                  05/23/2021  14:56:19  PAGE 24


  -------         ENDPROC       GPIO_P01_CONFIG
  -------         PROC          PININTERRUPT_ISR
  C:16CCH         LINE#         22
  C:16CEH         LINE#         24
  C:16D1H         LINE#         25
  C:16D6H         LINE#         26
  -------         ENDPROC       PININTERRUPT_ISR
  -------         ENDMOD        GPIO

  -------         MODULE        QUEUE
  C:0000H         SYMBOL        _ICE_DUMMY_
  D:0080H         PUBLIC        P0
  D:0090H         PUBLIC        P1
  D:00A0H         PUBLIC        P2
  D:00B0H         PUBLIC        P3
  D:00D8H         PUBLIC        PWMCON0
  C:094CH         PUBLIC        _QUEUE_Get
  C:075BH         PUBLIC        _QUEUE_Push
  D:00A8H         PUBLIC        IE
  D:00B8H         PUBLIC        IP
  D:0098H         PUBLIC        SCON
  D:0088H         PUBLIC        TCON
  D:00F8H         PUBLIC        SCON_1
  D:00E8H         PUBLIC        ADCCON0
  D:00C0H         PUBLIC        I2CON
  D:00C8H         PUBLIC        T2CON
  C:1585H         PUBLIC        _QUEUE_Count
  C:14A6H         PUBLIC        _QUEUE_Empty
  D:00D0H         PUBLIC        PSW
  C:0E13H         PUBLIC        _QUEUE_Init
  -------         PROC          _QUEUE_INIT
  X:00BBH         SYMBOL        q
  X:00BEH         SYMBOL        buffer
  X:00C1H         SYMBOL        queue_size
  X:00C2H         SYMBOL        element_size
  C:0E13H         LINE#         22
  C:0E1EH         LINE#         23
  C:0E1EH         LINE#         24
  C:0E36H         LINE#         25
  C:0E4EH         LINE#         26
  C:0E63H         LINE#         27
  C:0E7DH         LINE#         28
  C:0E97H         LINE#         29
  C:0EB6H         LINE#         30
  -------         ENDPROC       _QUEUE_INIT
  -------         PROC          _QUEUE_PUSH
  X:00D7H         SYMBOL        q
  X:00DAH         SYMBOL        buffer
  C:075BH         LINE#         36
  C:0766H         LINE#         37
  C:0766H         LINE#         38
  C:0791H         LINE#         39
  C:0791H         LINE#         40
  C:07E0H         LINE#         41
  C:07E0H         LINE#         42
  C:07F8H         LINE#         43
  C:07F8H         LINE#         45
BL51 BANKED LINKER/LOCATER V6.22.2.0                                                  05/23/2021  14:56:19  PAGE 25


  C:0826H         LINE#         46
  C:083CH         LINE#         47
  C:083CH         LINE#         49
  C:088BH         LINE#         50
  C:088BH         LINE#         51
  C:08A3H         LINE#         52
  C:08A3H         LINE#         54
  C:0905H         LINE#         55
  C:0933H         LINE#         57
  C:0949H         LINE#         59
  C:094BH         LINE#         60
  -------         ENDPROC       _QUEUE_PUSH
  -------         PROC          _QUEUE_GET
  X:00DDH         SYMBOL        q
  X:00E0H         SYMBOL        buffer
  C:094CH         LINE#         66
  C:0957H         LINE#         67
  C:0957H         LINE#         68
  C:096BH         LINE#         69
  C:096BH         LINE#         70
  C:09BAH         LINE#         71
  C:09BAH         LINE#         72
  C:09D2H         LINE#         73
  C:09D2H         LINE#         75
  C:0A34H         LINE#         76
  C:0A62H         LINE#         77
  C:0A78H         LINE#         79
  C:0A7BH         LINE#         80
  C:0A7BH         LINE#         82
  C:0A7DH         LINE#         83
  -------         ENDPROC       _QUEUE_GET
  -------         PROC          _QUEUE_EMPTY
  X:0108H         SYMBOL        q
  C:14A6H         LINE#         89
  C:14B1H         LINE#         90
  C:14B1H         LINE#         91
  C:14C9H         LINE#         92
  C:14C9H         LINE#         93
  C:14CCH         LINE#         94
  C:14CCH         LINE#         95
  C:14CEH         LINE#         96
  -------         ENDPROC       _QUEUE_EMPTY
  -------         PROC          _QUEUE_COUNT
  X:010BH         SYMBOL        q
  C:1585H         LINE#         102
  C:1590H         LINE#         103
  C:1590H         LINE#         104
  C:15A5H         LINE#         105
  -------         ENDPROC       _QUEUE_COUNT
  -------         ENDMOD        QUEUE

  -------         MODULE        XOR
  C:0000H         SYMBOL        _ICE_DUMMY_
  C:116EH         PUBLIC        _XOR_Caculator
  D:0080H         PUBLIC        P0
  D:0090H         PUBLIC        P1
  D:00A0H         PUBLIC        P2
BL51 BANKED LINKER/LOCATER V6.22.2.0                                                  05/23/2021  14:56:19  PAGE 26


  D:00B0H         PUBLIC        P3
  D:00D8H         PUBLIC        PWMCON0
  D:00A8H         PUBLIC        IE
  D:00B8H         PUBLIC        IP
  D:0098H         PUBLIC        SCON
  D:0088H         PUBLIC        TCON
  D:00F8H         PUBLIC        SCON_1
  D:00E8H         PUBLIC        ADCCON0
  D:00C0H         PUBLIC        I2CON
  D:00C8H         PUBLIC        T2CON
  D:00D0H         PUBLIC        PSW
  -------         PROC          _XOR_CACULATOR
  X:00C3H         SYMBOL        buffer
  X:00C6H         SYMBOL        ofset
  X:00C7H         SYMBOL        length
  -------         DO            
  X:00C9H         SYMBOL        result
  X:00CAH         SYMBOL        i
  -------         ENDDO         
  C:116EH         LINE#         17
  C:117EH         LINE#         18
  C:117EH         LINE#         19
  C:1183H         LINE#         20
  C:1188H         LINE#         21
  C:11A8H         LINE#         22
  C:11A8H         LINE#         23
  C:11CEH         LINE#         24
  C:11D6H         LINE#         25
  C:11DBH         LINE#         26
  -------         ENDPROC       _XOR_CACULATOR
  -------         ENDMOD        XOR

  -------         MODULE        ?C?FCAST
  C:0048H         PUBLIC        ?C?FCASTC
  C:0043H         PUBLIC        ?C?FCASTI
  C:003EH         PUBLIC        ?C?FCASTL
  -------         ENDMOD        ?C?FCAST

  -------         MODULE        ?C?CASTF
  C:007CH         PUBLIC        ?C?CASTF
  -------         ENDMOD        ?C?CASTF

  -------         MODULE        ?C?COPY
  C:0183H         PUBLIC        ?C?COPY
  -------         ENDMOD        ?C?COPY

  -------         MODULE        ?C?CLDPTR
  C:01A9H         PUBLIC        ?C?CLDPTR
  -------         ENDMOD        ?C?CLDPTR

  -------         MODULE        ?C?CLDOPTR
  C:01C2H         PUBLIC        ?C?CLDOPTR
  -------         ENDMOD        ?C?CLDOPTR

  -------         MODULE        ?C?CILDOPTR
  C:01EFH         PUBLIC        ?C?CILDOPTR
  -------         ENDMOD        ?C?CILDOPTR
BL51 BANKED LINKER/LOCATER V6.22.2.0                                                  05/23/2021  14:56:19  PAGE 27



  -------         MODULE        ?C?CSTOPTR
  C:0222H         PUBLIC        ?C?CSTOPTR
  -------         ENDMOD        ?C?CSTOPTR

  -------         MODULE        ?C?IMUL
  C:0244H         PUBLIC        ?C?IMUL
  -------         ENDMOD        ?C?IMUL

  -------         MODULE        ?C?UIDIV
  C:0256H         PUBLIC        ?C?UIDIV
  -------         ENDMOD        ?C?UIDIV

  -------         MODULE        ?C?ILDIX
  C:02ABH         PUBLIC        ?C?ILDIX
  -------         ENDMOD        ?C?ILDIX

  -------         MODULE        ?C?ILDOPTR
  C:02C1H         PUBLIC        ?C?ILDOPTR
  -------         ENDMOD        ?C?ILDOPTR

  -------         MODULE        ?C?IILDOPTR
  C:02F9H         PUBLIC        ?C?IILDOPTR
  -------         ENDMOD        ?C?IILDOPTR

  -------         MODULE        ?C?ISTOPTR
  C:0346H         PUBLIC        ?C?ISTOPTR
  -------         ENDMOD        ?C?ISTOPTR

  -------         MODULE        ?C?ULDIV
  C:03AFH         PUBLIC        ?C?ULDIV
  -------         ENDMOD        ?C?ULDIV

  -------         MODULE        ?C?LNEG
  C:0441H         PUBLIC        ?C?LNEG
  -------         ENDMOD        ?C?LNEG

  -------         MODULE        ?C?ULSHR
  C:044FH         PUBLIC        ?C?ULSHR
  -------         ENDMOD        ?C?ULSHR

  -------         MODULE        ?C?LSTXDATA
  C:0462H         PUBLIC        ?C?LSTXDATA
  -------         ENDMOD        ?C?LSTXDATA

  -------         MODULE        ?C?PLDPTR
  C:046EH         PUBLIC        ?C?PLDPTR
  -------         ENDMOD        ?C?PLDPTR

  -------         MODULE        ?C?PSTPTR
  C:048EH         PUBLIC        ?C?PSTPTR
  -------         ENDMOD        ?C?PSTPTR

  -------         MODULE        ?C?CCASE
  C:04DDH         PUBLIC        ?C?CCASE
  -------         ENDMOD        ?C?CCASE

BL51 BANKED LINKER/LOCATER V6.22.2.0                                                  05/23/2021  14:56:19  PAGE 28


  -------         MODULE        ?C?ICALL
  C:0503H         PUBLIC        ?C?ICALL
  C:0507H         PUBLIC        ?C?ICALL2
  -------         ENDMOD        ?C?ICALL

  -------         MODULE        ?C?IILDX
  C:0509H         PUBLIC        ?C?IILDX
  -------         ENDMOD        ?C?IILDX

  -------         MODULE        ?C?PLDIDATA
  C:051FH         PUBLIC        ?C?PLDIDATA
  -------         ENDMOD        ?C?PLDIDATA

  -------         MODULE        ?C?PSTIDATA
  C:0528H         PUBLIC        ?C?PSTIDATA
  -------         ENDMOD        ?C?PSTIDATA

  -------         MODULE        ?C?PLDXDATA
  C:0531H         PUBLIC        ?C?PLDXDATA
  -------         ENDMOD        ?C?PLDXDATA

  -------         MODULE        ?C?PSTXDATA
  C:053AH         PUBLIC        ?C?PSTXDATA
  -------         ENDMOD        ?C?PSTXDATA

  -------         MODULE        ?C?PLDPDATA
  C:0543H         PUBLIC        ?C?PLDPDATA
  -------         ENDMOD        ?C?PLDPDATA

  -------         MODULE        ?C?PSTPDATA
  C:054CH         PUBLIC        ?C?PSTPDATA
  -------         ENDMOD        ?C?PSTPDATA

  -------         MODULE        ?C?PLDCODE
  C:0555H         PUBLIC        ?C?PLDCODE
  -------         ENDMOD        ?C?PLDCODE

*** WARNING L16: UNCALLED SEGMENT, IGNORED FOR OVERLAY PROCESS
    SEGMENT: ?PR?FUNCHANDLE_ALLFLAG?MAIN_FUNC

*** WARNING L16: UNCALLED SEGMENT, IGNORED FOR OVERLAY PROCESS
    SEGMENT: ?PR?MAIN_INIT?MAIN_INIT

*** WARNING L16: UNCALLED SEGMENT, IGNORED FOR OVERLAY PROCESS
    SEGMENT: ?PR?IRF_PROC?IRF

Program Size: data=9.0 xdata=286 code=5976
LINK/LOCATE RUN COMPLETE.  3 WARNING(S),  0 ERROR(S)
