BL51 BANKED LINKER/LOCATER V6.22.2.0                                                    06/13/2021  16:48:31  PAGE 1


BL51 BANKED LINKER/LOCATER V6.22.2.0, INVOKED BY:
C:\KEIL_V5\C51\BIN\BL51.EXE .\Objects\STARTUP.obj, .\Objects\main.obj, .\Objects\irfapp_main.obj, .\Objects\main_func.ob
>> j, .\Objects\main_init.obj, .\Objects\floor.obj, .\Objects\irf.obj, .\Objects\motor.obj, .\Objects\relay.obj, .\Objec
>> ts\adc.obj, .\Objects\delay.obj, .\Objects\pwm.obj, .\Objects\uart.obj, .\Objects\gpio.obj, .\Objects\queue.obj, .\Ob
>> jects\xor.obj TO .\Objects\motor_test PRINT (.\Listings\motor_test.m51) RAMSIZE (256) CODE (0X0000-0X47FF)


MEMORY MODEL: LARGE WITH FLOATING POINT ARITHMETIC


INPUT MODULES INCLUDED:
  .\Objects\STARTUP.obj (?C_STARTUP)
  .\Objects\main.obj (MAIN)
  .\Objects\irfapp_main.obj (IRFAPP_MAIN)
  .\Objects\main_func.obj (MAIN_FUNC)
  .\Objects\main_init.obj (MAIN_INIT)
  .\Objects\floor.obj (FLOOR)
  .\Objects\irf.obj (IRF)
  .\Objects\motor.obj (MOTOR)
  .\Objects\relay.obj (RELAY)
  .\Objects\adc.obj (ADC)
  .\Objects\delay.obj (DELAY)
  .\Objects\pwm.obj (PWM)
  .\Objects\uart.obj (UART)
  .\Objects\gpio.obj (GPIO)
  .\Objects\queue.obj (QUEUE)
  .\Objects\xor.obj (XOR)
  C:\KEIL_V5\C51\LIB\C51FPL.LIB (?C?FCAST)
  C:\KEIL_V5\C51\LIB\C51FPL.LIB (?C?CASTF)
  C:\KEIL_V5\C51\LIB\C51L.LIB (?C_INIT)
  C:\KEIL_V5\C51\LIB\C51L.LIB (?C?COPY)
  C:\KEIL_V5\C51\LIB\C51L.LIB (?C?CLDPTR)
  C:\KEIL_V5\C51\LIB\C51L.LIB (?C?CLDOPTR)
  C:\KEIL_V5\C51\LIB\C51L.LIB (?C?CILDOPTR)
  C:\KEIL_V5\C51\LIB\C51L.LIB (?C?CSTOPTR)
  C:\KEIL_V5\C51\LIB\C51L.LIB (?C?IMUL)
  C:\KEIL_V5\C51\LIB\C51L.LIB (?C?UIDIV)
  C:\KEIL_V5\C51\LIB\C51L.LIB (?C?ILDIX)
  C:\KEIL_V5\C51\LIB\C51L.LIB (?C?ILDOPTR)
  C:\KEIL_V5\C51\LIB\C51L.LIB (?C?IILDOPTR)
  C:\KEIL_V5\C51\LIB\C51L.LIB (?C?ISTOPTR)
  C:\KEIL_V5\C51\LIB\C51L.LIB (?C?ULDIV)
  C:\KEIL_V5\C51\LIB\C51L.LIB (?C?LNEG)
  C:\KEIL_V5\C51\LIB\C51L.LIB (?C?ULSHR)
  C:\KEIL_V5\C51\LIB\C51L.LIB (?C?LSTXDATA)
  C:\KEIL_V5\C51\LIB\C51L.LIB (?C?PLDPTR)
  C:\KEIL_V5\C51\LIB\C51L.LIB (?C?PSTPTR)
  C:\KEIL_V5\C51\LIB\C51L.LIB (?C?CCASE)
  C:\KEIL_V5\C51\LIB\C51L.LIB (?C?ICALL)
  C:\KEIL_V5\C51\LIB\C51L.LIB (?C?IILDX)
  C:\KEIL_V5\C51\LIB\C51L.LIB (?C?PLDIDATA)
  C:\KEIL_V5\C51\LIB\C51L.LIB (?C?PSTIDATA)
  C:\KEIL_V5\C51\LIB\C51L.LIB (?C?PLDXDATA)
  C:\KEIL_V5\C51\LIB\C51L.LIB (?C?PSTXDATA)
  C:\KEIL_V5\C51\LIB\C51L.LIB (?C?PLDPDATA)
  C:\KEIL_V5\C51\LIB\C51L.LIB (?C?PSTPDATA)
  C:\KEIL_V5\C51\LIB\C51L.LIB (?C?PLDCODE)

BL51 BANKED LINKER/LOCATER V6.22.2.0                                                  06/13/2021  16:48:31  PAGE 2



LINK MAP OF MODULE:  .\Objects\motor_test (?C_STARTUP)


            TYPE    BASE      LENGTH    RELOCATION   SEGMENT NAME
            -----------------------------------------------------

            * * * * * * *   D A T A   M E M O R Y   * * * * * * *
            REG     0000H     0008H     ABSOLUTE     "REG BANK 0"
            IDATA   0008H     0001H     UNIT         ?STACK

            * * * * * * *  X D A T A   M E M O R Y  * * * * * * *
            XDATA   0000H     00C2H     UNIT         ?XD?IRF
            XDATA   00C2H     003CH     UNIT         ?XD?MAIN_FUNC
            XDATA   00FEH     001DH     UNIT         ?XD?_FLOOR_UPORDOWN?FLOOR
            XDATA   011BH     001AH     UNIT         ?XD?FLOOR
            XDATA   0135H     0011H     UNIT         ?XD?IRF_CALLBACKHANDLE?IRF
            XDATA   0146H     000CH     UNIT         ?XD?IRFAPP_MAIN
            XDATA   0152H     0009H     UNIT         ?XD?IRF_PROC?IRF
            XDATA   015BH     0008H     UNIT         ?XD?_APP_CHECKCOMMANDEXISTANDEXECUTES?IRFAPP_MAIN
            XDATA   0163H     0008H     UNIT         ?XD?_QUEUE_INIT?QUEUE
            XDATA   016BH     0008H     UNIT         ?XD?_XOR_CACULATOR?XOR
            XDATA   0173H     0006H     UNIT         ?XD?_MOTOR_SETSPEED?MOTOR
            XDATA   0179H     0006H     UNIT         ?XD?ADC_READRESULTCONVERT?ADC
            XDATA   017FH     0006H     UNIT         ?XD?_QUEUE_PUSH?QUEUE
            XDATA   0185H     0006H     UNIT         ?XD?_QUEUE_GET?QUEUE
            XDATA   018BH     0005H     UNIT         ?XD?_UART_SENDDATA?UART
            XDATA   0190H     0004H     UNIT         ?XD?MAIN
            XDATA   0194H     0004H     UNIT         ?XD?_IRF_SEND?IRF
            XDATA   0198H     0004H     UNIT         ?XD?_MOTOR_SETSTOP?MOTOR
            XDATA   019CH     0004H     UNIT         ?XD?_DELAY_US?DELAY
            XDATA   01A0H     0004H     UNIT         ?XD?_UART_INIT?UART
            XDATA   01A4H     0003H     UNIT         ?XD?_APP_UPDOWNFLOOR?IRFAPP_MAIN
            XDATA   01A7H     0003H     UNIT         ?XD?_APP_SETSPEEDMOTOR?IRFAPP_MAIN
            XDATA   01AAH     0003H     UNIT         ?XD?_FINDCOMMANDBUFF?IRF
            XDATA   01ADH     0003H     UNIT         ?XD?_UART_CALLBACKINIT?UART
            XDATA   01B0H     0003H     UNIT         ?XD?UART
            XDATA   01B3H     0003H     UNIT         ?XD?_QUEUE_EMPTY?QUEUE
            XDATA   01B6H     0003H     UNIT         ?XD?_QUEUE_COUNT?QUEUE
            XDATA   01B9H     0002H     UNIT         ?XD?FUNCHANDLE_SETSPEEDMOTORFLAG?MAIN_FUNC
            XDATA   01BBH     0002H     UNIT         ?XD?GET_ADC_LEVELS?FLOOR
            XDATA   01BDH     0002H     UNIT         ?XD?_MOTOR_INIT?MOTOR
            XDATA   01BFH     0002H     UNIT         ?XD?MOTOR
            XDATA   01C1H     0002H     UNIT         ?XD?_DELAY_MS?DELAY
            XDATA   01C3H     0002H     UNIT         ?XD?_PWM_SETDUTY?PWM
            XDATA   01C5H     0002H     UNIT         ?XD?_UART_SENDBYTE?UART
            XDATA   01C7H     0001H     UNIT         ?XD?_RELAY_AC?RELAY
            XDATA   01C8H     0001H     UNIT         ?XD?UART_REVDATA?UART

            * * * * * * *   C O D E   M E M O R Y   * * * * * * *
            CODE    0000H     0003H     ABSOLUTE     
            CODE    0003H     0020H     UNIT         ?PR?_UART_SENDBYTE?UART
            CODE    0023H     0003H     ABSOLUTE     
            CODE    0026H     0015H     UNIT         ?PR?ADC_INIT?ADC
            CODE    003BH     0003H     ABSOLUTE     
            CODE    003EH     0523H     UNIT         ?C?LIB_CODE
            CODE    0561H     01FAH     UNIT         ?PR?_FLOOR_UPORDOWN?FLOOR
BL51 BANKED LINKER/LOCATER V6.22.2.0                                                  06/13/2021  16:48:31  PAGE 3


            CODE    075BH     01F1H     UNIT         ?PR?_QUEUE_PUSH?QUEUE
            CODE    094CH     0132H     UNIT         ?PR?_QUEUE_GET?QUEUE
            CODE    0A7EH     0111H     UNIT         ?PR?FUNCHANDLE_ALLFLAG?MAIN_FUNC
            CODE    0B8FH     00F0H     UNIT         ?PR?IRF_CALLBACKHANDLE?IRF
            CODE    0C7FH     00EBH     UNIT         ?PR?_MOTOR_SETSPEED?MOTOR
            CODE    0D6AH     00A5H     UNIT         ?C_INITSEG
            CODE    0E0FH     00A4H     UNIT         ?PR?_QUEUE_INIT?QUEUE
            CODE    0EB3H     009EH     UNIT         ?PR?_UART_INIT?UART
            CODE    0F51H     0092H     UNIT         ?PR?_APP_CHECKCOMMANDEXISTANDEXECUTES?IRFAPP_MAIN
            CODE    0FE3H     008CH     UNIT         ?C_C51STARTUP
            CODE    106FH     0081H     UNIT         ?PR?GET_ADC_LEVELS?FLOOR
            CODE    10F0H     007AH     UNIT         ?PR?SERIALPORT0_ISR?UART
            CODE    116AH     006EH     UNIT         ?PR?_XOR_CACULATOR?XOR
            CODE    11D8H     006BH     UNIT         ?PR?ADC_READRESULTCONVERT?ADC
            CODE    1243H     0060H     UNIT         ?PR?FUNCHANDLE_GETALLSTATEFLAG?MAIN_FUNC
            CODE    12A3H     0054H     UNIT         ?PR?_MOTOR_SETSTOP?MOTOR
            CODE    12F7H     0050H     UNIT         ?PR?IRF_PROC?IRF
            CODE    1347H     004AH     UNIT         ?PR?IRF_INIT?IRF
            CODE    1391H     0049H     UNIT         ?PR?_UART_SENDDATA?UART
            CODE    13DAH     003EH     UNIT         ?PR?FUNCHANDLE_SETSPEEDMOTORFLAG?MAIN_FUNC
            CODE    1418H     003DH     UNIT         ?PR?_DELAY_US?DELAY
            CODE    1455H     002CH     UNIT         ?PR?_DELAY_MS?DELAY
            CODE    1481H     002CH     UNIT         ?PR?_PWM_SETDUTY?PWM
            CODE    14ADH     0029H     UNIT         ?PR?FUNCHANDLE_STARTRUNFLAG?MAIN_FUNC
            CODE    14D6H     0029H     UNIT         ?PR?_QUEUE_EMPTY?QUEUE
            CODE    14FFH     0026H     UNIT         ?PR?_APP_UPDOWNFLOOR?IRFAPP_MAIN
            CODE    1525H     0026H     UNIT         ?PR?_APP_SETSPEEDMOTOR?IRFAPP_MAIN
            CODE    154BH     0024H     UNIT         ?PR?_IRF_SEND?IRF
            CODE    156FH     0024H     UNIT         ?PR?PWM_INIT?PWM
            CODE    1593H     0022H     UNIT         ?PR?_UART_CALLBACKINIT?UART
            CODE    15B5H     0021H     UNIT         ?PR?_QUEUE_COUNT?QUEUE
            CODE    15D6H     001CH     UNIT         ?PR?RELAY_CONFIG?RELAY
            CODE    15F2H     001AH     UNIT         ?PR?_RELAY_AC?RELAY
            CODE    160CH     001AH     UNIT         ?PR?GPIO_P10_CONFIG?GPIO
            CODE    1626H     0019H     UNIT         ?PR?MAIN_INIT?MAIN_INIT
            CODE    163FH     0018H     UNIT         ?CO?FLOOR
            CODE    1657H     0017H     UNIT         ?PR?FUNCHANDLE_CHECKCONNECTFLAG?MAIN_FUNC
            CODE    166EH     0017H     UNIT         ?PR?_MOTOR_INIT?MOTOR
            CODE    1685H     0016H     UNIT         ?PR?FUNCHANDLE_STOPRUNFLAG?MAIN_FUNC
            CODE    169BH     0013H     UNIT         ?PR?MOTOR_GETCURRENTSPEED?MOTOR
            CODE    16AEH     0011H     UNIT         ?PR?FUNCHANDLE_GETSTATEMOTORFLAG?MAIN_FUNC
            CODE    16BFH     0011H     UNIT         ?PR?FUNCHANDLE_GETSTATEFLOORFLAG?MAIN_FUNC
            CODE    16D0H     0010H     UNIT         ?PR?FUNCHANDLE_UPDOWNFLOORFLAG?MAIN_FUNC
            CODE    16E0H     000EH     UNIT         ?PR?MOTOR_CONFIG?MOTOR
            CODE    16EEH     000DH     UNIT         ?PR?PININTERRUPT_ISR?GPIO
            CODE    16FBH     000CH     UNIT         ?PR?MAIN?MAIN
            CODE    1707H     000CH     UNIT         ?PR?_FINDCOMMANDBUFF?IRF
            CODE    1713H     000CH     UNIT         ?PR?UART_REVDATA?UART
            CODE    171FH     0009H     UNIT         ?PR?ADC_ENABLE?ADC
            CODE    1728H     0009H     UNIT         ?PR?GPIO_P01_CONFIG?GPIO
            CODE    1731H     0007H     UNIT         ?PR?APP_DEVICEANNOUNCE?IRFAPP_MAIN
            CODE    1738H     0007H     UNIT         ?PR?APP_CHECKCONNECT?IRFAPP_MAIN
            CODE    173FH     0007H     UNIT         ?PR?APP_STARTRUN?IRFAPP_MAIN
            CODE    1746H     0007H     UNIT         ?PR?APP_STOPRUN?IRFAPP_MAIN
            CODE    174DH     0007H     UNIT         ?PR?APP_GETSTATEMOTOR?IRFAPP_MAIN
            CODE    1754H     0007H     UNIT         ?PR?APP_GETSTATEFLOOR?IRFAPP_MAIN
            CODE    175BH     0007H     UNIT         ?PR?APP_GETALLSTATE?IRFAPP_MAIN
BL51 BANKED LINKER/LOCATER V6.22.2.0                                                  06/13/2021  16:48:31  PAGE 4


            CODE    1762H     0007H     UNIT         ?PR?APP_RESETDEVICE?IRFAPP_MAIN
            CODE    1769H     0004H     UNIT         ?PR?FLOOR_INIT?FLOOR
            CODE    176DH     0004H     UNIT         ?PR?RELAY_UP?RELAY
            CODE    1771H     0004H     UNIT         ?PR?RELAY_UPRESET?RELAY
            CODE    1775H     0004H     UNIT         ?PR?RELAY_DOWN?RELAY
            CODE    1779H     0004H     UNIT         ?PR?RELAY_DOWNRESET?RELAY
            CODE    177DH     0003H     UNIT         ?CO?IRF
            CODE    1780H     0003H     UNIT         ?PR?UART_ENABLE?UART
            CODE    1783H     0003H     UNIT         ?PR?UART_DISABLE?UART
            CODE    1786H     0001H     UNIT         ?PR?FUNCHANDLE_DEVICEANNOUNCEFLAG?MAIN_FUNC



OVERLAY MAP OF MODULE:   .\Objects\motor_test (?C_STARTUP)


SEGMENT
  +--> CALLED SEGMENT
---------------------
?C_C51STARTUP
  +--> ?PR?MAIN?MAIN
  +--> ?C_INITSEG

?PR?MAIN?MAIN
  +--> ?PR?MAIN_INIT?MAIN_INIT
  +--> ?PR?IRF_PROC?IRF
  +--> ?PR?FUNCHANDLE_ALLFLAG?MAIN_FUNC

?PR?MAIN_INIT?MAIN_INIT
  +--> ?PR?MOTOR_CONFIG?MOTOR
  +--> ?PR?RELAY_CONFIG?RELAY
  +--> ?PR?_MOTOR_INIT?MOTOR
  +--> ?PR?FLOOR_INIT?FLOOR
  +--> ?PR?IRF_INIT?IRF
  +--> ?PR?GPIO_P10_CONFIG?GPIO

?PR?MOTOR_CONFIG?MOTOR
  +--> ?PR?_DELAY_MS?DELAY

?PR?_DELAY_MS?DELAY
  +--> ?PR?_DELAY_US?DELAY

?PR?_MOTOR_INIT?MOTOR
  +--> ?PR?PWM_INIT?PWM
  +--> ?PR?_PWM_SETDUTY?PWM

?PR?FLOOR_INIT?FLOOR
  +--> ?PR?ADC_INIT?ADC

?PR?IRF_INIT?IRF
  +--> ?PR?_UART_INIT?UART
  +--> ?PR?IRF_CALLBACKHANDLE?IRF
  +--> ?PR?_UART_CALLBACKINIT?UART
  +--> ?PR?_QUEUE_INIT?QUEUE
  +--> ?PR?UART_ENABLE?UART

?PR?_UART_INIT?UART
BL51 BANKED LINKER/LOCATER V6.22.2.0                                                  06/13/2021  16:48:31  PAGE 5


  +--> ?PR?UART_DISABLE?UART

?PR?IRF_CALLBACKHANDLE?IRF
  +--> ?PR?UART_REVDATA?UART
  +--> ?PR?_XOR_CACULATOR?XOR
  +--> ?PR?_QUEUE_PUSH?QUEUE
  +--> ?CO?IRF
  +--> ?PR?_UART_SENDDATA?UART

?PR?_QUEUE_PUSH?QUEUE
  +--> ?PR?_QUEUE_COUNT?QUEUE

?PR?_UART_SENDDATA?UART
  +--> ?PR?_UART_SENDBYTE?UART

?PR?IRF_PROC?IRF
  +--> ?PR?_QUEUE_EMPTY?QUEUE
  +--> ?PR?_QUEUE_GET?QUEUE
  +--> ?PR?_APP_CHECKCOMMANDEXISTANDEXECUTES...

?PR?_QUEUE_GET?QUEUE
  +--> ?PR?_QUEUE_COUNT?QUEUE

?PR?_APP_CHECKCOMMANDEXISTANDEXECUTES...
  +--> ?PR?APP_DEVICEANNOUNCE?IRFAPP_MAIN
  +--> ?PR?APP_CHECKCONNECT?IRFAPP_MAIN
  +--> ?PR?APP_STARTRUN?IRFAPP_MAIN
  +--> ?PR?APP_STOPRUN?IRFAPP_MAIN
  +--> ?PR?_APP_UPDOWNFLOOR?IRFAPP_MAIN
  +--> ?PR?APP_GETSTATEMOTOR?IRFAPP_MAIN
  +--> ?PR?APP_GETSTATEFLOOR?IRFAPP_MAIN
  +--> ?PR?_APP_SETSPEEDMOTOR?IRFAPP_MAIN
  +--> ?PR?APP_GETALLSTATE?IRFAPP_MAIN
  +--> ?PR?APP_RESETDEVICE?IRFAPP_MAIN

?PR?FUNCHANDLE_ALLFLAG?MAIN_FUNC
  +--> ?PR?FUNCHANDLE_DEVICEANNOUNCEFLAG?MAI...
  +--> ?PR?FUNCHANDLE_CHECKCONNECTFLAG?MAIN_...
  +--> ?PR?FUNCHANDLE_STARTRUNFLAG?MAIN_FUNC
  +--> ?PR?FUNCHANDLE_STOPRUNFLAG?MAIN_FUNC
  +--> ?PR?FUNCHANDLE_UPDOWNFLOORFLAG?MAIN_FUNC
  +--> ?PR?FUNCHANDLE_GETSTATEMOTORFLAG?MAIN...
  +--> ?PR?FUNCHANDLE_GETSTATEFLOORFLAG?MAIN...
  +--> ?PR?FUNCHANDLE_SETSPEEDMOTORFLAG?MAIN...
  +--> ?PR?FUNCHANDLE_GETALLSTATEFLAG?MAIN_FUNC

?PR?FUNCHANDLE_CHECKCONNECTFLAG?MAIN_...
  +--> ?PR?_IRF_SEND?IRF

?PR?_IRF_SEND?IRF
  +--> ?PR?_UART_SENDDATA?UART

?PR?FUNCHANDLE_STARTRUNFLAG?MAIN_FUNC
  +--> ?PR?_IRF_SEND?IRF
  +--> ?PR?_RELAY_AC?RELAY
  +--> ?PR?_MOTOR_SETSPEED?MOTOR

BL51 BANKED LINKER/LOCATER V6.22.2.0                                                  06/13/2021  16:48:31  PAGE 6


?PR?_MOTOR_SETSPEED?MOTOR
  +--> ?PR?_PWM_SETDUTY?PWM
  +--> ?PR?_DELAY_MS?DELAY

?PR?FUNCHANDLE_STOPRUNFLAG?MAIN_FUNC
  +--> ?PR?_MOTOR_SETSTOP?MOTOR
  +--> ?PR?_RELAY_AC?RELAY

?PR?_MOTOR_SETSTOP?MOTOR
  +--> ?PR?_PWM_SETDUTY?PWM
  +--> ?PR?_DELAY_MS?DELAY

?PR?FUNCHANDLE_UPDOWNFLOORFLAG?MAIN_FUNC
  +--> ?PR?_FLOOR_UPORDOWN?FLOOR

?PR?_FLOOR_UPORDOWN?FLOOR
  +--> ?CO?FLOOR
  +--> ?PR?GET_ADC_LEVELS?FLOOR
  +--> ?PR?ADC_READRESULTCONVERT?ADC
  +--> ?PR?RELAY_DOWNRESET?RELAY
  +--> ?PR?_DELAY_MS?DELAY
  +--> ?PR?RELAY_UP?RELAY
  +--> ?PR?RELAY_UPRESET?RELAY
  +--> ?PR?RELAY_DOWN?RELAY

?PR?ADC_READRESULTCONVERT?ADC
  +--> ?PR?ADC_ENABLE?ADC

?PR?FUNCHANDLE_GETSTATEMOTORFLAG?MAIN...
  +--> ?PR?_IRF_SEND?IRF

?PR?FUNCHANDLE_GETSTATEFLOORFLAG?MAIN...
  +--> ?PR?_IRF_SEND?IRF

?PR?FUNCHANDLE_SETSPEEDMOTORFLAG?MAIN...
  +--> ?PR?_IRF_SEND?IRF
  +--> ?PR?_MOTOR_SETSPEED?MOTOR
  +--> ?PR?MOTOR_GETCURRENTSPEED?MOTOR

?PR?FUNCHANDLE_GETALLSTATEFLAG?MAIN_FUNC
  +--> ?PR?_XOR_CACULATOR?XOR
  +--> ?PR?_IRF_SEND?IRF



SYMBOL TABLE OF MODULE:  .\Objects\motor_test (?C_STARTUP)

  VALUE           TYPE          NAME
  ----------------------------------

  -------         MODULE        ?C_STARTUP
  C:0FE3H         SEGMENT       ?C_C51STARTUP
  I:0008H         SEGMENT       ?STACK
  C:0000H         PUBLIC        ?C_STARTUP
  D:00E0H         SYMBOL        ACC
  D:00F0H         SYMBOL        B
  D:0083H         SYMBOL        DPH
BL51 BANKED LINKER/LOCATER V6.22.2.0                                                  06/13/2021  16:48:31  PAGE 7


  D:0082H         SYMBOL        DPL
  N:0000H         SYMBOL        IBPSTACK
  N:0100H         SYMBOL        IBPSTACKTOP
  N:0080H         SYMBOL        IDATALEN
  C:0FE6H         SYMBOL        IDATALOOP
  N:0000H         SYMBOL        PBPSTACK
  N:0100H         SYMBOL        PBPSTACKTOP
  N:0000H         SYMBOL        PDATALEN
  N:0000H         SYMBOL        PDATASTART
  N:0000H         SYMBOL        PPAGE
  N:0000H         SYMBOL        PPAGEENABLE
  D:00A0H         SYMBOL        PPAGE_SFR
  D:0081H         SYMBOL        SP
  C:0FE3H         SYMBOL        STARTUP1
  N:0000H         SYMBOL        XBPSTACK
  N:0000H         SYMBOL        XBPSTACKTOP
  N:0000H         SYMBOL        XDATALEN
  N:0000H         SYMBOL        XDATASTART
  C:0000H         LINE#         126
  C:0FE3H         LINE#         133
  C:0FE5H         LINE#         134
  C:0FE6H         LINE#         135
  C:0FE7H         LINE#         136
  C:0FE9H         LINE#         185
  C:0FECH         LINE#         196
  -------         ENDMOD        ?C_STARTUP

  -------         MODULE        MAIN
  C:0000H         SYMBOL        _ICE_DUMMY_
  D:0080H         PUBLIC        P0
  D:0090H         PUBLIC        P1
  D:00A0H         PUBLIC        P2
  D:00B0H         PUBLIC        P3
  D:00D8H         PUBLIC        PWMCON0
  D:00A8H         PUBLIC        IE
  D:00B8H         PUBLIC        IP
  C:16FBH         PUBLIC        main
  D:0098H         PUBLIC        SCON
  D:0088H         PUBLIC        TCON
  D:00F8H         PUBLIC        SCON_1
  X:0190H         PUBLIC        botLimitFloor
  D:00E8H         PUBLIC        ADCCON0
  D:00C0H         PUBLIC        I2CON
  X:0192H         PUBLIC        topLimitFloor
  D:00C8H         PUBLIC        T2CON
  D:00D0H         PUBLIC        PSW
  -------         PROC          MAIN
  C:16FBH         LINE#         29
  C:16FBH         LINE#         30
  C:16FBH         LINE#         31
  C:16FEH         LINE#         32
  C:16FEH         LINE#         33
  C:16FEH         LINE#         34
  C:1701H         LINE#         35
  C:1704H         LINE#         36
  -------         ENDPROC       MAIN
  -------         ENDMOD        MAIN
BL51 BANKED LINKER/LOCATER V6.22.2.0                                                  06/13/2021  16:48:31  PAGE 8



  -------         MODULE        IRFAPP_MAIN
  C:0000H         SYMBOL        _ICE_DUMMY_
  D:0080H         PUBLIC        P0
  D:0090H         PUBLIC        P1
  D:00A0H         PUBLIC        P2
  D:00B0H         PUBLIC        P3
  C:175BH         SYMBOL        APP_GetAllState
  D:00D8H         PUBLIC        PWMCON0
  C:173FH         SYMBOL        APP_StartRun
  D:00A8H         PUBLIC        IE
  X:0146H         PUBLIC        speedValue
  D:00B8H         PUBLIC        IP
  C:1762H         SYMBOL        APP_ResetDevice
  C:1746H         SYMBOL        APP_StopRun
  X:0147H         PUBLIC        updownFloorFlag
  X:0148H         PUBLIC        floorValue
  C:14FFH         SYMBOL        _APP_UpDownFloor
  X:0149H         PUBLIC        deviceAnnounceFlag
  D:0098H         PUBLIC        SCON
  D:0088H         PUBLIC        TCON
  D:00F8H         PUBLIC        SCON_1
  X:014AH         PUBLIC        getStateFloorFlag
  X:014BH         PUBLIC        checkConnectFlag
  C:1731H         SYMBOL        APP_DeviceAnnounce
  X:014CH         PUBLIC        setSpeedMotorFlag
  X:014DH         PUBLIC        getStateMotorFlag
  C:0F51H         PUBLIC        _APP_CheckCommandExistAndExecutes
  D:00E8H         PUBLIC        ADCCON0
  D:00C0H         PUBLIC        I2CON
  X:014EH         PUBLIC        getAllStateFlag
  X:014FH         PUBLIC        startRunFlag
  D:00C8H         PUBLIC        T2CON
  C:1754H         SYMBOL        APP_GetStateFloor
  C:1738H         SYMBOL        APP_CheckConnect
  X:0150H         PUBLIC        resetDeviceFlag
  C:1525H         SYMBOL        _APP_SetSpeedMotor
  D:00D0H         PUBLIC        PSW
  X:0151H         PUBLIC        stopRunFlag
  C:174DH         SYMBOL        APP_GetStateMotor
  -------         PROC          _APP_CHECKCOMMANDEXISTANDEXECUTES
  X:015BH         SYMBOL        command
  X:015CH         SYMBOL        type
  X:015DH         SYMBOL        buff
  X:0160H         SYMBOL        length
  -------         DO            
  X:0161H         SYMBOL        type1
  X:0162H         SYMBOL        length1
  -------         ENDDO         
  C:0F51H         LINE#         56
  C:0F66H         LINE#         57
  C:0F66H         LINE#         58
  C:0F70H         LINE#         59
  C:0F7AH         LINE#         60
  C:0FA5H         LINE#         61
  C:0FA5H         LINE#         62
  C:0FA5H         LINE#         63
BL51 BANKED LINKER/LOCATER V6.22.2.0                                                  06/13/2021  16:48:31  PAGE 9


  C:0FA8H         LINE#         64
  C:0FA9H         LINE#         65
  C:0FA9H         LINE#         66
  C:0FACH         LINE#         67
  C:0FADH         LINE#         68
  C:0FADH         LINE#         69
  C:0FB0H         LINE#         70
  C:0FB1H         LINE#         71
  C:0FB1H         LINE#         72
  C:0FB4H         LINE#         73
  C:0FB5H         LINE#         74
  C:0FB5H         LINE#         75
  C:0FC3H         LINE#         76
  C:0FC4H         LINE#         77
  C:0FC4H         LINE#         78
  C:0FC7H         LINE#         79
  C:0FC8H         LINE#         80
  C:0FC8H         LINE#         81
  C:0FCBH         LINE#         82
  C:0FCCH         LINE#         83
  C:0FCCH         LINE#         84
  C:0FDAH         LINE#         85
  C:0FDBH         LINE#         86
  C:0FDBH         LINE#         87
  C:0FDEH         LINE#         88
  C:0FDFH         LINE#         89
  C:0FDFH         LINE#         90
  C:0FE2H         LINE#         91
  C:0FE2H         LINE#         92
  C:0FE2H         LINE#         93
  C:0FE2H         LINE#         94
  C:0FE2H         LINE#         95
  -------         ENDPROC       _APP_CHECKCOMMANDEXISTANDEXECUTES
  -------         PROC          APP_DEVICEANNOUNCE
  C:1731H         LINE#         104
  C:1731H         LINE#         105
  C:1731H         LINE#         106
  C:1737H         LINE#         107
  -------         ENDPROC       APP_DEVICEANNOUNCE
  -------         PROC          APP_CHECKCONNECT
  C:1738H         LINE#         115
  C:1738H         LINE#         116
  C:1738H         LINE#         117
  C:173EH         LINE#         118
  -------         ENDPROC       APP_CHECKCONNECT
  -------         PROC          APP_STARTRUN
  C:173FH         LINE#         126
  C:173FH         LINE#         127
  C:173FH         LINE#         128
  C:1745H         LINE#         129
  -------         ENDPROC       APP_STARTRUN
  -------         PROC          APP_STOPRUN
  C:1746H         LINE#         137
  C:1746H         LINE#         138
  C:1746H         LINE#         139
  C:174CH         LINE#         140
  -------         ENDPROC       APP_STOPRUN
BL51 BANKED LINKER/LOCATER V6.22.2.0                                                  06/13/2021  16:48:31  PAGE 10


  -------         PROC          _APP_UPDOWNFLOOR
  X:01A4H         SYMBOL        buff
  C:14FFH         LINE#         148
  C:150AH         LINE#         149
  C:150AH         LINE#         150
  C:1510H         LINE#         151
  C:1524H         LINE#         152
  -------         ENDPROC       _APP_UPDOWNFLOOR
  -------         PROC          APP_GETSTATEMOTOR
  C:174DH         LINE#         160
  C:174DH         LINE#         161
  C:174DH         LINE#         162
  C:1753H         LINE#         164
  -------         ENDPROC       APP_GETSTATEMOTOR
  -------         PROC          APP_GETSTATEFLOOR
  C:1754H         LINE#         172
  C:1754H         LINE#         173
  C:1754H         LINE#         174
  C:175AH         LINE#         175
  -------         ENDPROC       APP_GETSTATEFLOOR
  -------         PROC          _APP_SETSPEEDMOTOR
  X:01A7H         SYMBOL        buff
  C:1525H         LINE#         183
  C:1530H         LINE#         184
  C:1530H         LINE#         185
  C:1536H         LINE#         186
  C:154AH         LINE#         187
  -------         ENDPROC       _APP_SETSPEEDMOTOR
  -------         PROC          APP_GETALLSTATE
  C:175BH         LINE#         195
  C:175BH         LINE#         196
  C:175BH         LINE#         197
  C:1761H         LINE#         198
  -------         ENDPROC       APP_GETALLSTATE
  -------         PROC          APP_RESETDEVICE
  C:1762H         LINE#         206
  C:1762H         LINE#         207
  C:1762H         LINE#         208
  C:1768H         LINE#         209
  -------         ENDPROC       APP_RESETDEVICE
  -------         ENDMOD        IRFAPP_MAIN

  -------         MODULE        MAIN_FUNC
  C:0000H         SYMBOL        _ICE_DUMMY_
  X:00C2H         PUBLIC        stopRun
  D:0080H         PUBLIC        P0
  D:0090H         PUBLIC        P1
  D:00A0H         PUBLIC        P2
  D:00B0H         PUBLIC        P3
  D:00D8H         PUBLIC        PWMCON0
  C:16BFH         PUBLIC        funcHandle_GetStateFloorFlag
  C:1657H         PUBLIC        funcHandle_CheckConnectFlag
  D:00A8H         PUBLIC        IE
  C:13DAH         PUBLIC        funcHandle_SetSpeedMotorFlag
  C:16AEH         PUBLIC        funcHandle_GetStateMotorFlag
  D:00B8H         PUBLIC        IP
  C:1243H         PUBLIC        funcHandle_GetAllStateFlag
BL51 BANKED LINKER/LOCATER V6.22.2.0                                                  06/13/2021  16:48:31  PAGE 11


  C:14ADH         PUBLIC        funcHandle_StartRunFlag
  X:00C8H         PUBLIC        stateFloorFlag
  X:00C9H         PUBLIC        updownFloor
  X:00CFH         PUBLIC        currentDuty
  D:0098H         PUBLIC        SCON
  D:0088H         PUBLIC        TCON
  X:00D1H         PUBLIC        stateMotorFlag
  C:1685H         PUBLIC        funcHandle_StopRunFlag
  D:00F8H         PUBLIC        SCON_1
  X:00D2H         PUBLIC        getStateFloor
  X:00D8H         PUBLIC        checkConnect
  X:00DEH         PUBLIC        setSpeedMotor
  D:00E8H         PUBLIC        ADCCON0
  X:00E4H         PUBLIC        getStateMotor
  D:00C0H         PUBLIC        I2CON
  X:00EAH         PUBLIC        getAllState
  C:16D0H         PUBLIC        funcHandle_UpdownFloorFlag
  D:00C8H         PUBLIC        T2CON
  X:00F1H         PUBLIC        startRun
  C:1786H         PUBLIC        funcHandle_DeviceAnnounceFlag
  X:00F7H         PUBLIC        stateConnectFlag
  C:0A7EH         PUBLIC        funcHandle_AllFlag
  X:00F8H         PUBLIC        resetDevice
  D:00D0H         PUBLIC        PSW
  -------         PROC          FUNCHANDLE_ALLFLAG
  C:0A7EH         LINE#         68
  C:0A7EH         LINE#         69
  C:0A7EH         LINE#         70
  C:0AF6H         LINE#         73
  C:0AF6H         LINE#         74
  C:0B03H         LINE#         75
  C:0B03H         LINE#         76
  C:0B06H         LINE#         78
  C:0B14H         LINE#         79
  C:0B14H         LINE#         80
  C:0B17H         LINE#         82
  C:0B25H         LINE#         83
  C:0B25H         LINE#         84
  C:0B28H         LINE#         86
  C:0B36H         LINE#         87
  C:0B36H         LINE#         88
  C:0B39H         LINE#         90
  C:0B47H         LINE#         91
  C:0B47H         LINE#         92
  C:0B4AH         LINE#         94
  C:0B58H         LINE#         95
  C:0B58H         LINE#         96
  C:0B5BH         LINE#         98
  C:0B69H         LINE#         99
  C:0B69H         LINE#         100
  C:0B6CH         LINE#         102
  C:0B7AH         LINE#         103
  C:0B7AH         LINE#         104
  C:0B7DH         LINE#         106
  C:0B8BH         LINE#         107
  C:0B8BH         LINE#         108
  C:0B8EH         LINE#         110
BL51 BANKED LINKER/LOCATER V6.22.2.0                                                  06/13/2021  16:48:31  PAGE 12


  C:0B8EH         LINE#         111
  C:0B8EH         LINE#         112
  -------         ENDPROC       FUNCHANDLE_ALLFLAG
  -------         PROC          FUNCHANDLE_DEVICEANNOUNCEFLAG
  C:1786H         LINE#         119
  C:1786H         LINE#         120
  C:1786H         LINE#         122
  -------         ENDPROC       FUNCHANDLE_DEVICEANNOUNCEFLAG
  -------         PROC          FUNCHANDLE_CHECKCONNECTFLAG
  C:1657H         LINE#         129
  C:1657H         LINE#         130
  C:1657H         LINE#         131
  C:165CH         LINE#         132
  C:1667H         LINE#         133
  C:166DH         LINE#         135
  -------         ENDPROC       FUNCHANDLE_CHECKCONNECTFLAG
  -------         PROC          FUNCHANDLE_STARTRUNFLAG
  C:14ADH         LINE#         142
  C:14ADH         LINE#         143
  C:14ADH         LINE#         144
  C:14B2H         LINE#         145
  C:14BDH         LINE#         146
  C:14C2H         LINE#         147
  C:14CDH         LINE#         148
  C:14D5H         LINE#         149
  -------         ENDPROC       FUNCHANDLE_STARTRUNFLAG
  -------         PROC          FUNCHANDLE_STOPRUNFLAG
  C:1685H         LINE#         156
  C:1685H         LINE#         157
  C:1685H         LINE#         158
  C:168AH         LINE#         160
  C:1695H         LINE#         161
  C:169AH         LINE#         162
  -------         ENDPROC       FUNCHANDLE_STOPRUNFLAG
  -------         PROC          FUNCHANDLE_UPDOWNFLOORFLAG
  C:16D0H         LINE#         169
  C:16D0H         LINE#         170
  C:16D0H         LINE#         171
  C:16D5H         LINE#         172
  C:16DFH         LINE#         174
  -------         ENDPROC       FUNCHANDLE_UPDOWNFLOORFLAG
  -------         PROC          FUNCHANDLE_GETSTATEMOTORFLAG
  C:16AEH         LINE#         182
  C:16AEH         LINE#         183
  C:16AEH         LINE#         184
  C:16B3H         LINE#         185
  C:16BEH         LINE#         186
  -------         ENDPROC       FUNCHANDLE_GETSTATEMOTORFLAG
  -------         PROC          FUNCHANDLE_GETSTATEFLOORFLAG
  C:16BFH         LINE#         193
  C:16BFH         LINE#         194
  C:16BFH         LINE#         195
  C:16C4H         LINE#         196
  C:16CFH         LINE#         197
  -------         ENDPROC       FUNCHANDLE_GETSTATEFLOORFLAG
  -------         PROC          FUNCHANDLE_SETSPEEDMOTORFLAG
  -------         DO            
BL51 BANKED LINKER/LOCATER V6.22.2.0                                                  06/13/2021  16:48:31  PAGE 13


  X:01B9H         SYMBOL        desireDuty
  -------         ENDDO         
  C:13DAH         LINE#         205
  C:13DAH         LINE#         206
  C:13DAH         LINE#         208
  C:13DFH         LINE#         209
  C:13EAH         LINE#         210
  C:13F9H         LINE#         211
  C:140CH         LINE#         212
  C:1417H         LINE#         213
  -------         ENDPROC       FUNCHANDLE_SETSPEEDMOTORFLAG
  -------         PROC          FUNCHANDLE_GETALLSTATEFLAG
  C:1243H         LINE#         221
  C:1243H         LINE#         222
  C:1243H         LINE#         223
  C:1248H         LINE#         225
  C:1255H         LINE#         226
  C:1255H         LINE#         227
  C:125BH         LINE#         228
  C:125DH         LINE#         229
  C:1263H         LINE#         230
  C:1263H         LINE#         231
  C:1270H         LINE#         232
  C:1270H         LINE#         233
  C:1276H         LINE#         234
  C:1278H         LINE#         235
  C:127EH         LINE#         236
  C:127EH         LINE#         237
  C:1297H         LINE#         238
  C:12A2H         LINE#         239
  -------         ENDPROC       FUNCHANDLE_GETALLSTATEFLAG
  -------         ENDMOD        MAIN_FUNC

  -------         MODULE        MAIN_INIT
  C:0000H         SYMBOL        _ICE_DUMMY_
  D:0080H         PUBLIC        P0
  D:0090H         PUBLIC        P1
  D:00A0H         PUBLIC        P2
  D:00B0H         PUBLIC        P3
  B:00A8H.7       PUBLIC        EA
  D:00D8H         PUBLIC        PWMCON0
  D:00A8H         PUBLIC        IE
  D:00B8H         PUBLIC        IP
  C:1626H         PUBLIC        MAIN_Init
  D:0098H         PUBLIC        SCON
  D:0088H         PUBLIC        TCON
  D:00F8H         PUBLIC        SCON_1
  D:00E8H         PUBLIC        ADCCON0
  D:00C0H         PUBLIC        I2CON
  D:00C8H         PUBLIC        T2CON
  D:00D0H         PUBLIC        PSW
  -------         PROC          MAIN_INIT
  C:1626H         LINE#         32
  C:1626H         LINE#         33
  C:1626H         LINE#         34
  C:1629H         LINE#         35
  C:162CH         LINE#         36
BL51 BANKED LINKER/LOCATER V6.22.2.0                                                  06/13/2021  16:48:31  PAGE 14


  C:1633H         LINE#         37
  C:1636H         LINE#         39
  C:1639H         LINE#         40
  C:163CH         LINE#         41
  C:163EH         LINE#         42
  -------         ENDPROC       MAIN_INIT
  -------         ENDMOD        MAIN_INIT

  -------         MODULE        FLOOR
  C:0000H         SYMBOL        _ICE_DUMMY_
  D:0080H         PUBLIC        P0
  D:0090H         PUBLIC        P1
  D:00A0H         PUBLIC        P2
  D:00B0H         PUBLIC        P3
  D:00D8H         PUBLIC        PWMCON0
  C:0561H         PUBLIC        _FLOOR_UpOrDown
  D:00A8H         PUBLIC        IE
  D:00B8H         PUBLIC        IP
  X:011BH         PUBLIC        adc_retval
  X:0133H         PUBLIC        resutlAdc
  D:0098H         PUBLIC        SCON
  D:0088H         PUBLIC        TCON
  C:106FH         SYMBOL        get_adc_levels
  C:163FH         SYMBOL        _?ix1000
  D:00F8H         PUBLIC        SCON_1
  D:00E8H         PUBLIC        ADCCON0
  D:00C0H         PUBLIC        I2CON
  D:00C8H         PUBLIC        T2CON
  C:1769H         PUBLIC        FLOOR_Init
  D:00D0H         PUBLIC        PSW
  -------         PROC          GET_ADC_LEVELS
  -------         DO            
  X:01BBH         SYMBOL        i
  -------         ENDDO         
  C:106FH         LINE#         17
  C:106FH         LINE#         18
  C:106FH         LINE#         20
  C:108AH         LINE#         21
  C:108AH         LINE#         22
  C:10DFH         LINE#         23
  C:10EFH         LINE#         24
  -------         ENDPROC       GET_ADC_LEVELS
  -------         PROC          FLOOR_INIT
  C:1769H         LINE#         25
  C:1769H         LINE#         26
  C:1769H         LINE#         27
  C:176CH         LINE#         28
  -------         ENDPROC       FLOOR_INIT
  -------         PROC          _FLOOR_UPORDOWN
  X:00FEH         SYMBOL        desireIncl
  -------         DO            
  X:0100H         SYMBOL        i
  X:0102H         SYMBOL        dir
  X:0103H         SYMBOL        incline_level
  -------         ENDDO         
  C:0561H         LINE#         29
  C:0569H         LINE#         30
BL51 BANKED LINKER/LOCATER V6.22.2.0                                                  06/13/2021  16:48:31  PAGE 15


  C:0569H         LINE#         32
  C:056FH         LINE#         33
  C:0594H         LINE#         35
  C:05C8H         LINE#         36
  C:05C8H         LINE#         37
  C:05CDH         LINE#         38
  C:05CDH         LINE#         40
  C:05D0H         LINE#         43
  C:05EBH         LINE#         44
  C:05EBH         LINE#         45
  C:0619H         LINE#         46
  C:0619H         LINE#         47
  C:063FH         LINE#         48
  C:0641H         LINE#         49
  C:0641H         LINE#         50
  C:0651H         LINE#         52
  C:065CH         LINE#         54
  C:0673H         LINE#         55
  C:0673H         LINE#         56
  C:0678H         LINE#         57
  C:067AH         LINE#         58
  C:06B8H         LINE#         59
  C:06B8H         LINE#         60
  C:06BEH         LINE#         61
  C:06BEH         LINE#         63
  C:06BEH         LINE#         64
  C:06C4H         LINE#         65
  C:06C4H         LINE#         67
  C:06D7H         LINE#         68
  C:06D7H         LINE#         69
  C:06D7H         LINE#         70
  C:06DAH         LINE#         71
  C:06E1H         LINE#         72
  C:06E4H         LINE#         74
  C:06E4H         LINE#         75
  C:06EFH         LINE#         76
  C:070EH         LINE#         79
  C:0711H         LINE#         80
  C:0713H         LINE#         81
  C:0713H         LINE#         82
  C:0716H         LINE#         83
  C:071DH         LINE#         84
  C:0720H         LINE#         86
  C:0720H         LINE#         87
  C:072BH         LINE#         88
  C:074AH         LINE#         91
  C:074DH         LINE#         92
  C:074FH         LINE#         93
  C:074FH         LINE#         94
  C:0755H         LINE#         95
  C:0755H         LINE#         96
  C:0755H         LINE#         98
  C:075AH         LINE#         99
  -------         ENDPROC       _FLOOR_UPORDOWN
  -------         ENDMOD        FLOOR

  -------         MODULE        IRF
BL51 BANKED LINKER/LOCATER V6.22.2.0                                                  06/13/2021  16:48:31  PAGE 16


  C:0000H         SYMBOL        _ICE_DUMMY_
  D:0080H         PUBLIC        P0
  D:0090H         PUBLIC        P1
  D:00A0H         PUBLIC        P2
  D:00B0H         PUBLIC        P3
  C:0B8FH         SYMBOL        IRF_CallBackHandle
  D:00D8H         PUBLIC        PWMCON0
  D:00A8H         PUBLIC        IE
  D:00B8H         PUBLIC        IP
  D:0098H         PUBLIC        SCON
  D:0088H         PUBLIC        TCON
  D:00F8H         PUBLIC        SCON_1
  C:154BH         PUBLIC        _IRF_Send
  C:12F7H         PUBLIC        IRF_Proc
  C:1347H         PUBLIC        IRF_Init
  D:00E8H         PUBLIC        ADCCON0
  D:00C0H         PUBLIC        I2CON
  D:00C8H         PUBLIC        T2CON
  X:0004H         PUBLIC        irf_CommandBuff
  C:1707H         SYMBOL        _findCommandBuff
  X:00B8H         PUBLIC        irf_CommandQueue
  D:00D0H         PUBLIC        PSW
  -------         PROC          IRF_INIT
  C:1347H         LINE#         37
  C:1347H         LINE#         38
  C:1347H         LINE#         39
  C:1352H         LINE#         40
  C:135BH         LINE#         41
  C:138DH         LINE#         43
  C:1390H         LINE#         44
  -------         ENDPROC       IRF_INIT
  -------         PROC          _FINDCOMMANDBUFF
  X:01AAH         SYMBOL        buff
  C:1707H         LINE#         46
  C:1712H         LINE#         47
  C:1712H         LINE#         49
  -------         ENDPROC       _FINDCOMMANDBUFF
  -------         PROC          IRF_CALLBACKHANDLE
  -------         DO            
  X:0000H         SYMBOL        revByte
  X:0001H         SYMBOL        revByteCount
  X:0003H         SYMBOL        checkError
  X:0135H         SYMBOL        i
  X:0137H         SYMBOL        revBuff
  X:0141H         SYMBOL        sendError
  -------         ENDDO         
  C:0B8FH         LINE#         56
  C:0B8FH         LINE#         57
  C:0B8FH         LINE#         61
  C:0B97H         LINE#         64
  C:0B9FH         LINE#         65
  C:0BBDH         LINE#         67
  C:0BCAH         LINE#         68
  C:0BCAH         LINE#         69
  C:0BD3H         LINE#         70
  C:0BD3H         LINE#         71
  C:0BE7H         LINE#         72
BL51 BANKED LINKER/LOCATER V6.22.2.0                                                  06/13/2021  16:48:31  PAGE 17


  C:0C06H         LINE#         73
  C:0C06H         LINE#         74
  C:0C3DH         LINE#         75
  C:0C3DH         LINE#         76
  C:0C63H         LINE#         77
  C:0C65H         LINE#         78
  C:0C6BH         LINE#         79
  C:0C76H         LINE#         80
  C:0C76H         LINE#         81
  C:0C7EH         LINE#         82
  C:0C7EH         LINE#         83
  C:0C7EH         LINE#         84
  -------         ENDPROC       IRF_CALLBACKHANDLE
  -------         PROC          IRF_PROC
  -------         DO            
  X:0152H         SYMBOL        irf_CommandBuff
  -------         ENDDO         
  C:12F7H         LINE#         91
  C:12F7H         LINE#         92
  C:12F7H         LINE#         94
  C:1303H         LINE#         95
  C:1303H         LINE#         96
  C:1329H         LINE#         97
  C:1346H         LINE#         100
  C:1346H         LINE#         101
  -------         ENDPROC       IRF_PROC
  -------         PROC          _IRF_SEND
  X:0194H         SYMBOL        buff
  X:0197H         SYMBOL        length
  C:154BH         LINE#         108
  C:155BH         LINE#         109
  C:155BH         LINE#         110
  C:156EH         LINE#         111
  -------         ENDPROC       _IRF_SEND
  -------         ENDMOD        IRF

  -------         MODULE        MOTOR
  C:0000H         SYMBOL        _ICE_DUMMY_
  D:00B3H         PUBLIC        P1M1
  D:0080H         PUBLIC        P0
  D:00B4H         PUBLIC        P1M2
  D:0090H         PUBLIC        P1
  D:00A0H         PUBLIC        P2
  D:00B0H         PUBLIC        P3
  D:00D8H         PUBLIC        PWMCON0
  C:166EH         PUBLIC        _MOTOR_Init
  D:00A8H         PUBLIC        IE
  C:0C7FH         PUBLIC        _MOTOR_SetSpeed
  D:00B8H         PUBLIC        IP
  D:0098H         PUBLIC        SCON
  D:0088H         PUBLIC        TCON
  X:01BFH         PUBLIC        checkStopCmd
  D:00F8H         PUBLIC        SCON_1
  C:12A3H         PUBLIC        _MOTOR_SetStop
  C:16E0H         PUBLIC        MOTOR_Config
  D:00E8H         PUBLIC        ADCCON0
  D:00C0H         PUBLIC        I2CON
BL51 BANKED LINKER/LOCATER V6.22.2.0                                                  06/13/2021  16:48:31  PAGE 18


  D:00C8H         PUBLIC        T2CON
  D:00D2H         PUBLIC        PWM0H
  D:00DAH         PUBLIC        PWM0L
  C:169BH         PUBLIC        MOTOR_GetCurrentSpeed
  D:00D0H         PUBLIC        PSW
  -------         PROC          MOTOR_CONFIG
  C:16E0H         LINE#         25
  C:16E0H         LINE#         26
  C:16E0H         LINE#         27
  C:16E6H         LINE#         28
  C:16EDH         LINE#         29
  -------         ENDPROC       MOTOR_CONFIG
  -------         PROC          _MOTOR_INIT
  X:01BDH         SYMBOL        defaultDuty
  C:166EH         LINE#         35
  C:1676H         LINE#         36
  C:1676H         LINE#         37
  C:1679H         LINE#         38
  C:1684H         LINE#         39
  -------         ENDPROC       _MOTOR_INIT
  -------         PROC          MOTOR_GETCURRENTSPEED
  C:169BH         LINE#         45
  C:169BH         LINE#         46
  C:169BH         LINE#         47
  C:16ADH         LINE#         48
  -------         ENDPROC       MOTOR_GETCURRENTSPEED
  -------         PROC          _MOTOR_SETSPEED
  X:0173H         SYMBOL        currentDuty
  X:0175H         SYMBOL        desireDuty
  -------         DO            
  X:0177H         SYMBOL        i
  -------         ENDDO         
  C:0C7FH         LINE#         54
  C:0C8FH         LINE#         55
  C:0C8FH         LINE#         56
  C:0C97H         LINE#         57
  C:0CAEH         LINE#         58
  C:0CAEH         LINE#         59
  C:0CE6H         LINE#         60
  C:0CE6H         LINE#         61
  C:0CF1H         LINE#         62
  C:0CF8H         LINE#         63
  C:0D08H         LINE#         64
  C:0D0AH         LINE#         65
  C:0D0AH         LINE#         66
  C:0D3FH         LINE#         67
  C:0D3FH         LINE#         68
  C:0D4AH         LINE#         69
  C:0D51H         LINE#         70
  C:0D61H         LINE#         71
  C:0D61H         LINE#         72
  C:0D69H         LINE#         73
  -------         ENDPROC       _MOTOR_SETSPEED
  -------         PROC          _MOTOR_SETSTOP
  X:0198H         SYMBOL        currentDuty
  -------         DO            
  X:019AH         SYMBOL        i
BL51 BANKED LINKER/LOCATER V6.22.2.0                                                  06/13/2021  16:48:31  PAGE 19


  -------         ENDDO         
  C:12A3H         LINE#         74
  C:12ABH         LINE#         75
  C:12ABH         LINE#         76
  C:12B3H         LINE#         77
  C:12D4H         LINE#         78
  C:12D4H         LINE#         79
  C:12DFH         LINE#         80
  C:12E6H         LINE#         81
  C:12F6H         LINE#         82
  -------         ENDPROC       _MOTOR_SETSTOP
  -------         ENDMOD        MOTOR

  -------         MODULE        RELAY
  C:0000H         SYMBOL        _ICE_DUMMY_
  D:00B3H         PUBLIC        P1M1
  D:0080H         PUBLIC        P0
  C:1779H         PUBLIC        RELAY_DownReset
  D:00B4H         PUBLIC        P1M2
  D:0090H         PUBLIC        P1
  D:00A0H         PUBLIC        P2
  D:00B0H         PUBLIC        P3
  D:00D8H         PUBLIC        PWMCON0
  D:00A8H         PUBLIC        IE
  D:00B8H         PUBLIC        IP
  C:176DH         PUBLIC        RELAY_Up
  C:1771H         PUBLIC        RELAY_UpReset
  D:0098H         PUBLIC        SCON
  D:0088H         PUBLIC        TCON
  C:15D6H         PUBLIC        RELAY_Config
  D:00F8H         PUBLIC        SCON_1
  D:00E8H         PUBLIC        ADCCON0
  D:00C0H         PUBLIC        I2CON
  C:15F2H         PUBLIC        _RELAY_AC
  D:00C8H         PUBLIC        T2CON
  C:1775H         PUBLIC        RELAY_Down
  D:00D0H         PUBLIC        PSW
  -------         PROC          RELAY_CONFIG
  C:15D6H         LINE#         22
  C:15D6H         LINE#         23
  C:15D6H         LINE#         24
  C:15DCH         LINE#         25
  C:15E2H         LINE#         26
  C:15E8H         LINE#         27
  C:15EBH         LINE#         28
  C:15EEH         LINE#         29
  C:15F1H         LINE#         30
  -------         ENDPROC       RELAY_CONFIG
  -------         PROC          _RELAY_AC
  X:01C7H         SYMBOL        state
  C:15F2H         LINE#         36
  C:15F7H         LINE#         37
  C:15F7H         LINE#         38
  C:1604H         LINE#         39
  C:1604H         LINE#         40
  C:1607H         LINE#         41
  C:1608H         LINE#         42
BL51 BANKED LINKER/LOCATER V6.22.2.0                                                  06/13/2021  16:48:31  PAGE 20


  C:1608H         LINE#         43
  C:160BH         LINE#         44
  C:160BH         LINE#         46
  -------         ENDPROC       _RELAY_AC
  -------         PROC          RELAY_UP
  C:176DH         LINE#         53
  C:176DH         LINE#         54
  C:176DH         LINE#         55
  C:1770H         LINE#         56
  -------         ENDPROC       RELAY_UP
  -------         PROC          RELAY_UPRESET
  C:1771H         LINE#         63
  C:1771H         LINE#         64
  C:1771H         LINE#         65
  C:1774H         LINE#         66
  -------         ENDPROC       RELAY_UPRESET
  -------         PROC          RELAY_DOWN
  C:1775H         LINE#         73
  C:1775H         LINE#         74
  C:1775H         LINE#         75
  C:1778H         LINE#         76
  -------         ENDPROC       RELAY_DOWN
  -------         PROC          RELAY_DOWNRESET
  C:1779H         LINE#         83
  C:1779H         LINE#         84
  C:1779H         LINE#         85
  C:177CH         LINE#         86
  -------         ENDPROC       RELAY_DOWNRESET
  -------         ENDMOD        RELAY

  -------         MODULE        ADC
  C:0000H         SYMBOL        _ICE_DUMMY_
  D:00F6H         PUBLIC        AINDIDS
  D:00B1H         PUBLIC        P0M1
  D:00B2H         PUBLIC        P0M2
  D:0080H         PUBLIC        P0
  D:0090H         PUBLIC        P1
  D:00A0H         PUBLIC        P2
  D:00B0H         PUBLIC        P3
  D:00D8H         PUBLIC        PWMCON0
  D:00A8H         PUBLIC        IE
  B:00E8H.7       PUBLIC        ADCF
  C:11D8H         PUBLIC        ADC_ReadResultConvert
  D:00B8H         PUBLIC        IP
  D:0098H         PUBLIC        SCON
  D:0088H         PUBLIC        TCON
  C:0026H         PUBLIC        ADC_Init
  D:00F8H         PUBLIC        SCON_1
  D:00E8H         PUBLIC        ADCCON0
  D:00E1H         PUBLIC        ADCCON1
  D:00C0H         PUBLIC        I2CON
  D:00C3H         PUBLIC        ADCRH
  D:00C8H         PUBLIC        T2CON
  D:00C2H         PUBLIC        ADCRL
  C:171FH         PUBLIC        ADC_Enable
  D:00D0H         PUBLIC        PSW
  -------         PROC          ADC_INIT
BL51 BANKED LINKER/LOCATER V6.22.2.0                                                  06/13/2021  16:48:31  PAGE 21


  C:0026H         LINE#         6
  C:0026H         LINE#         7
  C:0026H         LINE#         8
  C:002CH         LINE#         9
  C:002FH         LINE#         10
  C:0031H         LINE#         11
  C:0034H         LINE#         12
  C:0037H         LINE#         13
  C:003AH         LINE#         14
  -------         ENDPROC       ADC_INIT
  -------         PROC          ADC_ENABLE
  C:171FH         LINE#         16
  C:171FH         LINE#         17
  C:171FH         LINE#         18
  C:1721H         LINE#         19
  C:1724H         LINE#         20
  C:1727H         LINE#         21
  -------         ENDPROC       ADC_ENABLE
  -------         PROC          ADC_READRESULTCONVERT
  -------         DO            
  X:0179H         SYMBOL        lowByte
  X:017BH         SYMBOL        highByte
  X:017DH         SYMBOL        resutl
  -------         ENDDO         
  C:11D8H         LINE#         23
  C:11D8H         LINE#         24
  C:11D8H         LINE#         25
  C:11E0H         LINE#         26
  C:11E8H         LINE#         27
  C:11F0H         LINE#         29
  C:11F3H         LINE#         31
  C:1202H         LINE#         32
  C:120EH         LINE#         34
  C:123AH         LINE#         35
  C:1242H         LINE#         36
  -------         ENDPROC       ADC_READRESULTCONVERT
  -------         ENDMOD        ADC

  -------         MODULE        DELAY
  C:0000H         SYMBOL        _ICE_DUMMY_
  D:0080H         PUBLIC        P0
  D:0090H         PUBLIC        P1
  D:00A0H         PUBLIC        P2
  D:00B0H         PUBLIC        P3
  D:00D8H         PUBLIC        PWMCON0
  D:00A8H         PUBLIC        IE
  D:00B8H         PUBLIC        IP
  D:0098H         PUBLIC        SCON
  D:0088H         PUBLIC        TCON
  D:00F8H         PUBLIC        SCON_1
  C:1455H         PUBLIC        _delay_ms
  D:00E8H         PUBLIC        ADCCON0
  C:1418H         PUBLIC        _delay_us
  D:00C0H         PUBLIC        I2CON
  D:00C8H         PUBLIC        T2CON
  D:00D0H         PUBLIC        PSW
  -------         PROC          _DELAY_MS
BL51 BANKED LINKER/LOCATER V6.22.2.0                                                  06/13/2021  16:48:31  PAGE 22


  X:01C1H         SYMBOL        value
  C:1455H         LINE#         27
  C:145DH         LINE#         28
  C:145DH         LINE#         29
  C:1469H         LINE#         30
  C:1469H         LINE#         31
  C:1470H         LINE#         32
  C:147EH         LINE#         33
  C:1480H         LINE#         34
  -------         ENDPROC       _DELAY_MS
  -------         PROC          _DELAY_US
  X:019CH         SYMBOL        value
  -------         DO            
  X:019EH         SYMBOL        loops
  -------         ENDDO         
  C:1418H         LINE#         42
  C:1420H         LINE#         43
  C:1420H         LINE#         44
  C:1437H         LINE#         46
  C:1443H         LINE#         47
  C:1443H         LINE#         48
  C:1444H         LINE#         49
  C:1452H         LINE#         50
  C:1454H         LINE#         51
  -------         ENDPROC       _DELAY_US
  -------         ENDMOD        DELAY

  -------         MODULE        PWM
  C:0000H         SYMBOL        _ICE_DUMMY_
  D:00B3H         PUBLIC        P1M1
  D:0080H         PUBLIC        P0
  D:00B4H         PUBLIC        P1M2
  D:0090H         PUBLIC        P1
  D:00A0H         PUBLIC        P2
  D:00B0H         PUBLIC        P3
  D:00D8H         PUBLIC        PWMCON0
  D:00DFH         PUBLIC        PWMCON1
  D:00D1H         PUBLIC        PWMPH
  D:00A8H         PUBLIC        IE
  D:00D9H         PUBLIC        PWMPL
  D:00B8H         PUBLIC        IP
  B:00D8H.6       PUBLIC        LOAD
  C:1481H         PUBLIC        _PWM_SetDuty
  D:0098H         PUBLIC        SCON
  D:0088H         PUBLIC        TCON
  D:00F8H         PUBLIC        SCON_1
  B:00D8H.4       PUBLIC        CLRPWM
  D:00E8H         PUBLIC        ADCCON0
  D:00C0H         PUBLIC        I2CON
  D:00C8H         PUBLIC        T2CON
  C:156FH         PUBLIC        PWM_Init
  B:00D8H.7       PUBLIC        PWMRUN
  D:00D2H         PUBLIC        PWM0H
  D:00D6H         PUBLIC        PNP
  D:008EH         PUBLIC        CKCON
  D:00DAH         PUBLIC        PWM0L
  D:00DEH         PUBLIC        PIOCON0
BL51 BANKED LINKER/LOCATER V6.22.2.0                                                  06/13/2021  16:48:31  PAGE 23


  D:00D0H         PUBLIC        PSW
  -------         PROC          PWM_INIT
  C:156FH         LINE#         28
  C:156FH         LINE#         29
  C:156FH         LINE#         35
  C:1575H         LINE#         36
  C:1578H         LINE#         37
  C:157BH         LINE#         38
  C:157EH         LINE#         39
  C:1580H         LINE#         40
  C:1583H         LINE#         41
  C:1589H         LINE#         42
  C:158CH         LINE#         44
  C:158FH         LINE#         45
  C:1592H         LINE#         47
  -------         ENDPROC       PWM_INIT
  -------         PROC          _PWM_SETDUTY
  X:01C3H         SYMBOL        pwmDuty
  C:1481H         LINE#         54
  C:1489H         LINE#         55
  C:1489H         LINE#         57
  C:148BH         LINE#         58
  C:149BH         LINE#         59
  C:14A8H         LINE#         60
  C:14AAH         LINE#         61
  C:14ACH         LINE#         62
  -------         ENDPROC       _PWM_SETDUTY
  -------         ENDMOD        PWM

  -------         MODULE        UART
  C:0000H         SYMBOL        _ICE_DUMMY_
  D:00B1H         PUBLIC        P0M1
  D:00B2H         PUBLIC        P0M2
  D:0080H         PUBLIC        P0
  D:0090H         PUBLIC        P1
  X:01B0H         PUBLIC        p_uartCallBack
  D:00A0H         PUBLIC        P2
  D:00B0H         PUBLIC        P3
  D:00D8H         PUBLIC        PWMCON0
  C:10F0H         PUBLIC        SerialPort0_ISR
  D:00A8H         PUBLIC        IE
  B:00A8H.4       PUBLIC        ES
  D:00B8H         PUBLIC        IP
  B:0098H.0       PUBLIC        RI
  B:0098H.1       PUBLIC        TI
  C:1593H         PUBLIC        _UART_CallBackInit
  C:1391H         PUBLIC        _UART_SendData
  D:0099H         PUBLIC        SBUF
  D:0087H         PUBLIC        PCON
  C:0EB3H         PUBLIC        _UART_Init
  D:0098H         PUBLIC        SCON
  D:0088H         PUBLIC        TCON
  C:0003H         PUBLIC        _UART_SendByte
  D:00F8H         PUBLIC        SCON_1
  C:1713H         PUBLIC        UART_RevData
  D:00C6H         PUBLIC        RH3
  D:00C5H         PUBLIC        RL3
BL51 BANKED LINKER/LOCATER V6.22.2.0                                                  06/13/2021  16:48:31  PAGE 24


  C:1783H         PUBLIC        UART_Disable
  D:00E8H         PUBLIC        ADCCON0
  D:00C0H         PUBLIC        I2CON
  D:00C8H         PUBLIC        T2CON
  C:1780H         PUBLIC        UART_Enable
  D:00C4H         PUBLIC        T3CON
  D:00D0H         PUBLIC        PSW
  -------         PROC          _UART_INIT
  X:01A0H         SYMBOL        baudRate
  C:0EB3H         LINE#         28
  C:0EB9H         LINE#         29
  C:0EB9H         LINE#         30
  C:0EBFH         LINE#         31
  C:0EC5H         LINE#         34
  C:0EFCH         LINE#         35
  C:0F3EH         LINE#         42
  C:0F41H         LINE#         43
  C:0F44H         LINE#         44
  C:0F47H         LINE#         45
  C:0F4AH         LINE#         46
  C:0F4DH         LINE#         47
  C:0F50H         LINE#         48
  -------         ENDPROC       _UART_INIT
  -------         PROC          UART_ENABLE
  C:1780H         LINE#         56
  C:1780H         LINE#         57
  C:1780H         LINE#         58
  C:1782H         LINE#         59
  -------         ENDPROC       UART_ENABLE
  -------         PROC          UART_DISABLE
  C:1783H         LINE#         67
  C:1783H         LINE#         68
  C:1783H         LINE#         69
  C:1785H         LINE#         70
  -------         ENDPROC       UART_DISABLE
  -------         PROC          _UART_SENDBYTE
  X:01C5H         SYMBOL        byte
  -------         DO            
  X:01C6H         SYMBOL        byteReverse
  -------         ENDDO         
  C:0003H         LINE#         79
  C:0008H         LINE#         80
  C:0008H         LINE#         82
  C:000AH         LINE#         83
  C:0018H         LINE#         84
  C:001FH         LINE#         85
  C:0022H         LINE#         86
  -------         ENDPROC       _UART_SENDBYTE
  -------         PROC          _UART_SENDDATA
  X:018BH         SYMBOL        buff
  X:018EH         SYMBOL        length
  -------         DO            
  X:018FH         SYMBOL        i
  -------         ENDDO         
  C:1391H         LINE#         94
  C:13A1H         LINE#         95
  C:13A1H         LINE#         97
BL51 BANKED LINKER/LOCATER V6.22.2.0                                                  06/13/2021  16:48:31  PAGE 25


  C:13B5H         LINE#         98
  C:13B5H         LINE#         99
  C:13D1H         LINE#         100
  C:13D9H         LINE#         101
  -------         ENDPROC       _UART_SENDDATA
  -------         PROC          UART_REVDATA
  -------         DO            
  X:01C8H         SYMBOL        dataRx
  -------         ENDDO         
  C:1713H         LINE#         109
  C:1713H         LINE#         110
  C:1713H         LINE#         112
  C:1719H         LINE#         113
  C:171EH         LINE#         114
  -------         ENDPROC       UART_REVDATA
  -------         PROC          _UART_CALLBACKINIT
  X:01ADH         SYMBOL        uartCallBackFnc
  C:1593H         LINE#         152
  C:159EH         LINE#         153
  C:159EH         LINE#         154
  C:15B4H         LINE#         155
  -------         ENDPROC       _UART_CALLBACKINIT
  -------         PROC          SERIALPORT0_ISR
  C:10F0H         LINE#         163
  C:110DH         LINE#         165
  C:1110H         LINE#         166
  C:1110H         LINE#         167
  C:1112H         LINE#         168
  C:113CH         LINE#         169
  C:113CH         LINE#         170
  C:114AH         LINE#         171
  C:114AH         LINE#         172
  C:114AH         LINE#         173
  C:114DH         LINE#         174
  C:114FH         LINE#         175
  -------         ENDPROC       SERIALPORT0_ISR
  -------         ENDMOD        UART

  -------         MODULE        GPIO
  C:0000H         SYMBOL        _ICE_DUMMY_
  D:00B3H         PUBLIC        P1M1
  D:0080H         PUBLIC        P0
  D:00B4H         PUBLIC        P1M2
  D:0090H         PUBLIC        P1
  D:00A0H         PUBLIC        P2
  D:00B0H         PUBLIC        P3
  B:00A8H.7       PUBLIC        EA
  D:00D8H         PUBLIC        PWMCON0
  D:00A8H         PUBLIC        IE
  D:00B8H         PUBLIC        IP
  D:0098H         PUBLIC        SCON
  D:0088H         PUBLIC        TCON
  B:0090H.5       PUBLIC        P15
  B:0090H.7       PUBLIC        P17
  D:00F8H         PUBLIC        SCON_1
  C:16EEH         PUBLIC        PinInterrupt_ISR
  D:009BH         PUBLIC        EIE
BL51 BANKED LINKER/LOCATER V6.22.2.0                                                  06/13/2021  16:48:31  PAGE 26


  D:00E8H         PUBLIC        ADCCON0
  D:00C0H         PUBLIC        I2CON
  D:00ECH         PUBLIC        PIF
  D:00C8H         PUBLIC        T2CON
  D:00E9H         PUBLIC        PICON
  D:00D0H         PUBLIC        PSW
  D:00EAH         PUBLIC        PINEN
  C:1728H         PUBLIC        GPIO_P01_Config
  C:160CH         PUBLIC        GPIO_P10_Config
  D:00EBH         PUBLIC        PIPEN
  -------         PROC          GPIO_P10_CONFIG
  C:160CH         LINE#         7
  C:160CH         LINE#         8
  C:160CH         LINE#         9
  C:1612H         LINE#         10
  C:1615H         LINE#         11
  C:161EH         LINE#         13
  C:1621H         LINE#         14
  C:1623H         LINE#         15
  C:1625H         LINE#         16
  -------         ENDPROC       GPIO_P10_CONFIG
  -------         PROC          GPIO_P01_CONFIG
  C:1728H         LINE#         18
  C:1728H         LINE#         19
  C:1728H         LINE#         20
  C:172EH         LINE#         21
  C:1730H         LINE#         22
  -------         ENDPROC       GPIO_P01_CONFIG
  -------         PROC          PININTERRUPT_ISR
  C:16EEH         LINE#         24
  C:16F0H         LINE#         26
  C:16F3H         LINE#         27
  C:16F8H         LINE#         28
  -------         ENDPROC       PININTERRUPT_ISR
  -------         ENDMOD        GPIO

  -------         MODULE        QUEUE
  C:0000H         SYMBOL        _ICE_DUMMY_
  D:0080H         PUBLIC        P0
  D:0090H         PUBLIC        P1
  D:00A0H         PUBLIC        P2
  D:00B0H         PUBLIC        P3
  D:00D8H         PUBLIC        PWMCON0
  C:094CH         PUBLIC        _QUEUE_Get
  C:075BH         PUBLIC        _QUEUE_Push
  D:00A8H         PUBLIC        IE
  D:00B8H         PUBLIC        IP
  D:0098H         PUBLIC        SCON
  D:0088H         PUBLIC        TCON
  D:00F8H         PUBLIC        SCON_1
  D:00E8H         PUBLIC        ADCCON0
  D:00C0H         PUBLIC        I2CON
  D:00C8H         PUBLIC        T2CON
  C:15B5H         PUBLIC        _QUEUE_Count
  C:14D6H         PUBLIC        _QUEUE_Empty
  D:00D0H         PUBLIC        PSW
  C:0E0FH         PUBLIC        _QUEUE_Init
BL51 BANKED LINKER/LOCATER V6.22.2.0                                                  06/13/2021  16:48:31  PAGE 27


  -------         PROC          _QUEUE_INIT
  X:0163H         SYMBOL        q
  X:0166H         SYMBOL        buffer
  X:0169H         SYMBOL        queue_size
  X:016AH         SYMBOL        element_size
  C:0E0FH         LINE#         22
  C:0E1AH         LINE#         23
  C:0E1AH         LINE#         24
  C:0E32H         LINE#         25
  C:0E4AH         LINE#         26
  C:0E5FH         LINE#         27
  C:0E79H         LINE#         28
  C:0E93H         LINE#         29
  C:0EB2H         LINE#         30
  -------         ENDPROC       _QUEUE_INIT
  -------         PROC          _QUEUE_PUSH
  X:017FH         SYMBOL        q
  X:0182H         SYMBOL        buffer
  C:075BH         LINE#         36
  C:0766H         LINE#         37
  C:0766H         LINE#         38
  C:0791H         LINE#         39
  C:0791H         LINE#         40
  C:07E0H         LINE#         41
  C:07E0H         LINE#         42
  C:07F8H         LINE#         43
  C:07F8H         LINE#         45
  C:0826H         LINE#         46
  C:083CH         LINE#         47
  C:083CH         LINE#         49
  C:088BH         LINE#         50
  C:088BH         LINE#         51
  C:08A3H         LINE#         52
  C:08A3H         LINE#         54
  C:0905H         LINE#         55
  C:0933H         LINE#         57
  C:0949H         LINE#         59
  C:094BH         LINE#         60
  -------         ENDPROC       _QUEUE_PUSH
  -------         PROC          _QUEUE_GET
  X:0185H         SYMBOL        q
  X:0188H         SYMBOL        buffer
  C:094CH         LINE#         66
  C:0957H         LINE#         67
  C:0957H         LINE#         68
  C:096BH         LINE#         69
  C:096BH         LINE#         70
  C:09BAH         LINE#         71
  C:09BAH         LINE#         72
  C:09D2H         LINE#         73
  C:09D2H         LINE#         75
  C:0A34H         LINE#         76
  C:0A62H         LINE#         77
  C:0A78H         LINE#         79
  C:0A7BH         LINE#         80
  C:0A7BH         LINE#         82
  C:0A7DH         LINE#         83
BL51 BANKED LINKER/LOCATER V6.22.2.0                                                  06/13/2021  16:48:31  PAGE 28


  -------         ENDPROC       _QUEUE_GET
  -------         PROC          _QUEUE_EMPTY
  X:01B3H         SYMBOL        q
  C:14D6H         LINE#         89
  C:14E1H         LINE#         90
  C:14E1H         LINE#         91
  C:14F9H         LINE#         92
  C:14F9H         LINE#         93
  C:14FCH         LINE#         94
  C:14FCH         LINE#         95
  C:14FEH         LINE#         96
  -------         ENDPROC       _QUEUE_EMPTY
  -------         PROC          _QUEUE_COUNT
  X:01B6H         SYMBOL        q
  C:15B5H         LINE#         102
  C:15C0H         LINE#         103
  C:15C0H         LINE#         104
  C:15D5H         LINE#         105
  -------         ENDPROC       _QUEUE_COUNT
  -------         ENDMOD        QUEUE

  -------         MODULE        XOR
  C:0000H         SYMBOL        _ICE_DUMMY_
  C:116AH         PUBLIC        _XOR_Caculator
  D:0080H         PUBLIC        P0
  D:0090H         PUBLIC        P1
  D:00A0H         PUBLIC        P2
  D:00B0H         PUBLIC        P3
  D:00D8H         PUBLIC        PWMCON0
  D:00A8H         PUBLIC        IE
  D:00B8H         PUBLIC        IP
  D:0098H         PUBLIC        SCON
  D:0088H         PUBLIC        TCON
  D:00F8H         PUBLIC        SCON_1
  D:00E8H         PUBLIC        ADCCON0
  D:00C0H         PUBLIC        I2CON
  D:00C8H         PUBLIC        T2CON
  D:00D0H         PUBLIC        PSW
  -------         PROC          _XOR_CACULATOR
  X:016BH         SYMBOL        buffer
  X:016EH         SYMBOL        ofset
  X:016FH         SYMBOL        length
  -------         DO            
  X:0171H         SYMBOL        result
  X:0172H         SYMBOL        i
  -------         ENDDO         
  C:116AH         LINE#         17
  C:117AH         LINE#         18
  C:117AH         LINE#         19
  C:117FH         LINE#         20
  C:1184H         LINE#         21
  C:11A4H         LINE#         22
  C:11A4H         LINE#         23
  C:11CAH         LINE#         24
  C:11D2H         LINE#         25
  C:11D7H         LINE#         26
  -------         ENDPROC       _XOR_CACULATOR
BL51 BANKED LINKER/LOCATER V6.22.2.0                                                  06/13/2021  16:48:31  PAGE 29


  -------         ENDMOD        XOR

  -------         MODULE        ?C?FCAST
  C:0048H         PUBLIC        ?C?FCASTC
  C:0043H         PUBLIC        ?C?FCASTI
  C:003EH         PUBLIC        ?C?FCASTL
  -------         ENDMOD        ?C?FCAST

  -------         MODULE        ?C?CASTF
  C:007CH         PUBLIC        ?C?CASTF
  -------         ENDMOD        ?C?CASTF

  -------         MODULE        ?C?COPY
  C:0183H         PUBLIC        ?C?COPY
  -------         ENDMOD        ?C?COPY

  -------         MODULE        ?C?CLDPTR
  C:01A9H         PUBLIC        ?C?CLDPTR
  -------         ENDMOD        ?C?CLDPTR

  -------         MODULE        ?C?CLDOPTR
  C:01C2H         PUBLIC        ?C?CLDOPTR
  -------         ENDMOD        ?C?CLDOPTR

  -------         MODULE        ?C?CILDOPTR
  C:01EFH         PUBLIC        ?C?CILDOPTR
  -------         ENDMOD        ?C?CILDOPTR

  -------         MODULE        ?C?CSTOPTR
  C:0222H         PUBLIC        ?C?CSTOPTR
  -------         ENDMOD        ?C?CSTOPTR

  -------         MODULE        ?C?IMUL
  C:0244H         PUBLIC        ?C?IMUL
  -------         ENDMOD        ?C?IMUL

  -------         MODULE        ?C?UIDIV
  C:0256H         PUBLIC        ?C?UIDIV
  -------         ENDMOD        ?C?UIDIV

  -------         MODULE        ?C?ILDIX
  C:02ABH         PUBLIC        ?C?ILDIX
  -------         ENDMOD        ?C?ILDIX

  -------         MODULE        ?C?ILDOPTR
  C:02C1H         PUBLIC        ?C?ILDOPTR
  -------         ENDMOD        ?C?ILDOPTR

  -------         MODULE        ?C?IILDOPTR
  C:02F9H         PUBLIC        ?C?IILDOPTR
  -------         ENDMOD        ?C?IILDOPTR

  -------         MODULE        ?C?ISTOPTR
  C:0346H         PUBLIC        ?C?ISTOPTR
  -------         ENDMOD        ?C?ISTOPTR

  -------         MODULE        ?C?ULDIV
BL51 BANKED LINKER/LOCATER V6.22.2.0                                                  06/13/2021  16:48:31  PAGE 30


  C:03AFH         PUBLIC        ?C?ULDIV
  -------         ENDMOD        ?C?ULDIV

  -------         MODULE        ?C?LNEG
  C:0441H         PUBLIC        ?C?LNEG
  -------         ENDMOD        ?C?LNEG

  -------         MODULE        ?C?ULSHR
  C:044FH         PUBLIC        ?C?ULSHR
  -------         ENDMOD        ?C?ULSHR

  -------         MODULE        ?C?LSTXDATA
  C:0462H         PUBLIC        ?C?LSTXDATA
  -------         ENDMOD        ?C?LSTXDATA

  -------         MODULE        ?C?PLDPTR
  C:046EH         PUBLIC        ?C?PLDPTR
  -------         ENDMOD        ?C?PLDPTR

  -------         MODULE        ?C?PSTPTR
  C:048EH         PUBLIC        ?C?PSTPTR
  -------         ENDMOD        ?C?PSTPTR

  -------         MODULE        ?C?CCASE
  C:04DDH         PUBLIC        ?C?CCASE
  -------         ENDMOD        ?C?CCASE

  -------         MODULE        ?C?ICALL
  C:0503H         PUBLIC        ?C?ICALL
  C:0507H         PUBLIC        ?C?ICALL2
  -------         ENDMOD        ?C?ICALL

  -------         MODULE        ?C?IILDX
  C:0509H         PUBLIC        ?C?IILDX
  -------         ENDMOD        ?C?IILDX

  -------         MODULE        ?C?PLDIDATA
  C:051FH         PUBLIC        ?C?PLDIDATA
  -------         ENDMOD        ?C?PLDIDATA

  -------         MODULE        ?C?PSTIDATA
  C:0528H         PUBLIC        ?C?PSTIDATA
  -------         ENDMOD        ?C?PSTIDATA

  -------         MODULE        ?C?PLDXDATA
  C:0531H         PUBLIC        ?C?PLDXDATA
  -------         ENDMOD        ?C?PLDXDATA

  -------         MODULE        ?C?PSTXDATA
  C:053AH         PUBLIC        ?C?PSTXDATA
  -------         ENDMOD        ?C?PSTXDATA

  -------         MODULE        ?C?PLDPDATA
  C:0543H         PUBLIC        ?C?PLDPDATA
  -------         ENDMOD        ?C?PLDPDATA

  -------         MODULE        ?C?PSTPDATA
BL51 BANKED LINKER/LOCATER V6.22.2.0                                                  06/13/2021  16:48:31  PAGE 31


  C:054CH         PUBLIC        ?C?PSTPDATA
  -------         ENDMOD        ?C?PSTPDATA

  -------         MODULE        ?C?PLDCODE
  C:0555H         PUBLIC        ?C?PLDCODE
  -------         ENDMOD        ?C?PLDCODE

*** WARNING L16: UNCALLED SEGMENT, IGNORED FOR OVERLAY PROCESS
    SEGMENT: ?PR?_FINDCOMMANDBUFF?IRF

*** WARNING L16: UNCALLED SEGMENT, IGNORED FOR OVERLAY PROCESS
    SEGMENT: ?PR?GPIO_P01_CONFIG?GPIO

Program Size: data=9.0 xdata=457 code=6023
LINK/LOCATE RUN COMPLETE.  2 WARNING(S),  0 ERROR(S)
