C51 COMPILER V9.60.0.0   RELAY                                                             06/19/2021 13:57:51 PAGE 1   


C51 COMPILER V9.60.0.0, COMPILATION OF MODULE RELAY
OBJECT MODULE PLACED IN .\Objects\relay.obj
COMPILER INVOKED BY: C:\Keil_v5\C51\BIN\C51.EXE ..\Mid\relay.c LARGE OPTIMIZE(0,SPEED) BROWSE INCDIR(..\App;..\Common;..
                    -\Driver;..\Mid;..\Utilities) DEBUG OBJECTEXTEND PRINT(.\Listings\relay.lst) OBJECT(.\Objects\relay.obj)

line level    source

   1          /*
   2           *  relay.c
   3           *
   4           *  Created on: Dec 25, 2020
   5           *      Author: Truong VV
   6           */
   7          
   8          #include "N76E003.h"
   9          #include "SFR_Macro.h"
  10          #include "Function_Define.h"
  11          #include "relay.h"
  12          
  13          /******************************************************************************/
  14          /*                              FUNCTION                                      */
  15          /******************************************************************************/
  16          
  17          /**
  18           * @func    RELAY_Config
  19           * @brief   None
  20           * @param   None
  21           */
  22          void RELAY_Config (void)
  23          {
  24   1          RELAYAC_Init();
  25   1          RELAYUP_Init();
  26   1          RELAYDOWN_Init();
  27   1          ResetBit(RELAY_AC_PORT, RELAY_AC_PIN);
  28   1          ResetBit(RELAY_UPDOWN_PORT, RELAY_UP_PIN);
  29   1          ResetBit(RELAY_UPDOWN_PORT, RELAY_DOWN_PIN);
  30   1      }
  31          /**
  32           * @func    RELAY_AC
  33           * @brief   None
  34           * @param   None
  35           */
  36          void RELAY_AC(u8 state)
  37          {
  38   1          if(state == ON)
  39   1          {
  40   2              SetBit(RELAY_AC_PORT, RELAY_AC_PIN);
  41   2          }else
  42   1          {
  43   2              ResetBit(RELAY_AC_PORT, RELAY_AC_PIN);
  44   2          }
  45   1          
  46   1      }
  47          
  48          /**
  49           * @func    RELAY_Up
  50           * @brief   None
  51           * @param   None
  52           */
  53          void RELAY_Up(void)
  54          {
C51 COMPILER V9.60.0.0   RELAY                                                             06/19/2021 13:57:51 PAGE 2   

  55   1          SetBit(RELAY_UPDOWN_PORT, RELAY_UP_PIN);
  56   1      } 
  57          
  58          /**
  59           * @func    RELAY_UpReset
  60           * @brief   None
  61           * @param   None
  62           */
  63          void RELAY_UpReset(void)
  64          {
  65   1          ResetBit(RELAY_UPDOWN_PORT, RELAY_UP_PIN);
  66   1      }
  67          
  68          /**
  69           * @func    RELAY_Down
  70           * @brief   None
  71           * @param   None
  72           */
  73          void RELAY_Down(void)
  74          {
  75   1          SetBit(RELAY_UPDOWN_PORT, RELAY_DOWN_PIN);
  76   1      }
  77          
  78          /**
  79           * @func    RELAY_DownReset
  80           * @brief   None
  81           * @param   None
  82           */
  83          void RELAY_DownReset(void)
  84          {
  85   1          ResetBit(RELAY_UPDOWN_PORT, RELAY_DOWN_PIN);
  86   1      }


MODULE INFORMATION:   STATIC OVERLAYABLE
   CODE SIZE        =     70    ----
   CONSTANT SIZE    =   ----    ----
   XDATA SIZE       =      1    ----
   PDATA SIZE       =   ----    ----
   DATA SIZE        =   ----    ----
   IDATA SIZE       =   ----    ----
   BIT SIZE         =   ----    ----
END OF MODULE INFORMATION.


C51 COMPILATION COMPLETE.  0 WARNING(S),  0 ERROR(S)
