C51 COMPILER V9.60.0.0   XOR                                                               03/08/2021 16:29:23 PAGE 1   


C51 COMPILER V9.60.0.0, COMPILATION OF MODULE XOR
OBJECT MODULE PLACED IN .\Objects\xor.obj
COMPILER INVOKED BY: C:\Keil_v5\C51\BIN\C51.EXE ..\..\motor_test\Utilities\xor.c OPTIMIZE(0,SPEED) BROWSE INCDIR(..\moto
                    -r_test;.\App;.\Common;.\Driver;.\Utilities;C:\Keil_v5\C51\LIB;.\Mid) DEBUG OBJECTEXTEND PRINT(.\Listings\xor.lst) OBJECT
                    -(.\Objects\xor.obj)

line level    source

   1          /*
   2           *  xor.c
   3           *
   4           *  Created on: Dec 25, 2020
   5           *      Author: Truong VV
   6           */
   7          
   8          #include "N76E003.h"
   9          #include "SFR_Macro.h"
  10          #include "Function_Define.h"
  11          #include "xor.h"
*** ERROR C141 IN LINE 18 OF ..\..\motor_test\Utilities\xor.h: syntax error near '*', expected ')'
  12          
  13          /******************************************************************************/
  14          /*                              FUNCTION                                      */
  15          /******************************************************************************/
  16          
  17          u8 XOR_Caculator(uint8_t* buffer, uint8_t ofset, uint16_t length)
*** ERROR C141 IN LINE 17 OF ..\..\motor_test\Utilities\xor.c: syntax error near '*', expected ')'
  18          {
  19   1          u8 result = 0;
  20   1                u8 i = 0;
  21   1          for(i = ofset; i < length; i++)
*** ERROR C202 IN LINE 21 OF ..\..\motor_test\Utilities\xor.c: 'ofset': undefined identifier
  22   1          {
  23   2              result ^= buffer[i];
*** ERROR C202 IN LINE 23 OF ..\..\motor_test\Utilities\xor.c: 'buffer': undefined identifier
  24   2          }
  25   1          return result;
  26   1      }

C51 COMPILATION COMPLETE.  0 WARNING(S),  4 ERROR(S)
